MPLINK 5.00, LINKER
Linker Map File - Created Sat Jul 18 10:23:06 2020

                                 Section Info
                  Section       Type    Address   Location Size(Bytes)
                ---------  ---------  ---------  ---------  ---------
               _entry_scn       code   0x000000    program   0x000006
           .code___init.o       code   0x000006    program   0x000002
      interruptVectorHigh       code   0x000008    program   0x000006
     .idata_interrupt.o_i    romdata   0x00000e    program   0x000004
       interruptVectorLow       code   0x000018    program   0x000006
                   .cinit    romdata   0x00001e    program   0x00003e
             .code_main.o       code   0x00005c    program   0x000de6
              .code_lcd.o       code   0x000e42    program   0x0006f4
            .code_timer.o       code   0x001536    program   0x000258
           .code_button.o       code   0x00178e    program   0x0001a0
        .code_interrupt.o       code   0x00192e    program   0x00015a
             .stringtable    romdata   0x001a88    program   0x0000ff
      .romdata_fxd3232u.o    romdata   0x001b87    program   0x000000
       .idata_fxm3232.o_i    romdata   0x001b87    program   0x000000
      .idata_fxd3232u.o_i    romdata   0x001b87    program   0x000000
       .romdata_fxm3232.o    romdata   0x001b87    program   0x000000
        .idata___init.o_i    romdata   0x001b87    program   0x000000
      .romdata_fxd2424u.o    romdata   0x001b87    program   0x000000
      .idata_fxd2424u.o_i    romdata   0x001b87    program   0x000000
      .romdata_fxd0808u.o    romdata   0x001b87    program   0x000000
      .idata_fxd0808u.o_i    romdata   0x001b87    program   0x000000
        .romdata___init.o    romdata   0x001b87    program   0x000000
         .idata_c018i.o_i    romdata   0x001b87    program   0x000000
         .romdata_c018i.o    romdata   0x001b87    program   0x000000
        .romdata_button.o    romdata   0x001b87    program   0x000000
     .romdata_interrupt.o    romdata   0x001b87    program   0x000000
           .romdata_lcd.o    romdata   0x001b87    program   0x000000
         .romdata_timer.o    romdata   0x001b87    program   0x000000
          .romdata_main.o    romdata   0x001b87    program   0x000000
            .code_c018i.o       code   0x001b88    program   0x000000
               _cinit_scn       code   0x001b88    program   0x00009e
          .code_fxm3232.o       code   0x001c26    program   0x000070
                     PROG       code   0x001c96    program   0x00005a
         .code_fxd3232u.o       code   0x001cf0    program   0x000048
         .code_fxd2424u.o       code   0x001d38    program   0x00003a
                    .code       code   0x001d72    program   0x000020
             _startup_scn       code   0x001d92    program   0x00001c
         .code_fxd0808u.o       code   0x001dae    program   0x00001c
         .idata_timer.o_i    romdata   0x001dca    program   0x000020
          .idata_main.o_i    romdata   0x001dea    program   0x00002e
           .idata_lcd.o_i    romdata   0x001e18    program   0x000021
        .idata_button.o_i    romdata   0x001e39    program   0x000030
    .config_300001_main.o    romdata   0x300001    program   0x000001
    .config_300002_main.o    romdata   0x300002    program   0x000001
    .config_300003_main.o    romdata   0x300003    program   0x000001
    .config_300005_main.o    romdata   0x300005    program   0x000001
    .config_300006_main.o    romdata   0x300006    program   0x000001
    .config_300008_main.o    romdata   0x300008    program   0x000001
    .config_300009_main.o    romdata   0x300009    program   0x000001
    .config_30000a_main.o    romdata   0x30000a    program   0x000001
    .config_30000b_main.o    romdata   0x30000b    program   0x000001
    .config_30000c_main.o    romdata   0x30000c    program   0x000001
    .config_30000d_main.o    romdata   0x30000d    program   0x000001
                MATH_DATA      udata   0x000000       data   0x000010
                 .tmpdata      udata   0x000010       data   0x00000a
          .idata_button.o      idata   0x000080       data   0x000030
            .idata_main.o      idata   0x0000b0       data   0x00002e
             .idata_lcd.o      idata   0x0000de       data   0x000021
          .idata___init.o      idata   0x0000ff       data   0x000000
          .udata___init.o      udata   0x0000ff       data   0x000000
         .idata_fxm3232.o      idata   0x0000ff       data   0x000000
         .udata_fxm3232.o      udata   0x0000ff       data   0x000000
        .idata_fxd3232u.o      idata   0x0000ff       data   0x000000
        .udata_fxd3232u.o      udata   0x0000ff       data   0x000000
        .idata_fxd2424u.o      idata   0x0000ff       data   0x000000
        .udata_fxd2424u.o      udata   0x0000ff       data   0x000000
        .idata_fxd0808u.o      idata   0x0000ff       data   0x000000
        .udata_fxd0808u.o      udata   0x0000ff       data   0x000000
           .udata_timer.o      udata   0x0000ff       data   0x000000
       .udata_interrupt.o      udata   0x0000ff       data   0x000000
           .idata_c018i.o      idata   0x0000ff       data   0x000000
          .udata_button.o      udata   0x0000ff       data   0x000000
                   .stack      udata   0x000e00       data   0x000100
           .idata_timer.o      idata   0x000f00       data   0x000020
           .udata_c018i.o      udata   0x000f20       data   0x00000a
             .udata_lcd.o      udata   0x000f2a       data   0x000004
       .idata_interrupt.o      idata   0x000f2e       data   0x000004
            .udata_main.o      udata   0x000f32       data   0x000002
            SFR_UNBANKED0      udata   0x000f80       data   0x000080



                              Program Memory Usage 
                               Start         End      
                           ---------   ---------      
                            0x000000    0x000011      
                            0x000018    0x001b86      
                            0x001b88    0x001e68      
                            0x300001    0x300003      
                            0x300005    0x300006      
                            0x300008    0x30000d      
            7789 out of 66584 program addresses used, program memory utilization is 11%



                              Symbols - Sorted by Name
                     Name    Address   Location    Storage File                     
                ---------  ---------  ---------  --------- ---------                
          AppTrafficLight   0x000448    program     extern D:\BT PIC\BTL_Traffic_Light.X\main.c
              Button_init   0x001796    program     extern D:\BT PIC\libraries\libraries\button\button.c
              Button_scan   0x00179c    program     extern D:\BT PIC\libraries\libraries\button\button.c
              CloseOutput   0x000180    program     extern D:\BT PIC\BTL_Traffic_Light.X\main.c
                   D2424S   0x001cc0    program     static E:\3.46\pic18-lt\cxx-framework\src\traditional\math\fxd2424s.asm
                D2424SNEG   0x001cce    program     static E:\3.46\pic18-lt\cxx-framework\src\traditional\math\fxd2424s.asm
                 D2424SOK   0x001cca    program     static E:\3.46\pic18-lt\cxx-framework\src\traditional\math\fxd2424s.asm
                  D2424SX   0x001ce6    program     static E:\3.46\pic18-lt\cxx-framework\src\traditional\math\fxd2424s.asm
                  DA2424S   0x001cac    program     static E:\3.46\pic18-lt\cxx-framework\src\traditional\math\fxd2424s.asm
                   Decode   0x0002d4    program     extern D:\BT PIC\BTL_Traffic_Light.X\main.c
               DisplayLed   0x000402    program     extern D:\BT PIC\BTL_Traffic_Light.X\main.c
             ExtInt0_init   0x001936    program     extern D:\BT PIC\libraries\libraries\interrupt\interrupt.c
                 FXD0808U   0x001dae    program     extern E:\3.46\pic18-lt\cxx-framework\src\traditional\math\fxd0808u.c
                 FXD2424S   0x001c96    program     extern E:\3.46\pic18-lt\cxx-framework\src\traditional\math\fxd2424s.asm
                 FXD2424U   0x001d38    program     extern E:\3.46\pic18-lt\cxx-framework\src\traditional\math\fxd2424u.c
                 FXD3232U   0x001cf0    program     extern E:\3.46\pic18-lt\cxx-framework\src\traditional\math\fxd3232u.c
                  FXM3232   0x001c26    program     extern E:\3.46\pic18-lt\cxx-framework\src\traditional\math\fxm3232.c
           Interrupt_init   0x00192e    program     extern D:\BT PIC\libraries\libraries\interrupt\interrupt.c
           KeyMatrix_init   0x00178e    program     extern D:\BT PIC\libraries\libraries\button\button.c
           KeyMatrix_scan   0x001800    program     extern D:\BT PIC\libraries\libraries\button\button.c
                LCD_clear   0x001048    program     extern D:\BT PIC\libraries\libraries\lcd\lcd.c
            LCD_clearSync   0x00112c    program     extern D:\BT PIC\libraries\libraries\lcd\lcd.c
                LCD_delay   0x000e42    program     extern D:\BT PIC\libraries\libraries\lcd\lcd.c
              LCD_display   0x00124a    program     extern D:\BT PIC\libraries\libraries\lcd\lcd.c
             LCD_display2   0x00126a    program     extern D:\BT PIC\libraries\libraries\lcd\lcd.c
                 LCD_init   0x000f10    program     extern D:\BT PIC\libraries\libraries\lcd\lcd.c
              LCD_powerOf   0x000f74    program     extern D:\BT PIC\libraries\libraries\lcd\lcd.c
            LCD_printChar   0x000f66    program     extern D:\BT PIC\libraries\libraries\lcd\lcd.c
        LCD_printCharSync   0x00117c    program     extern D:\BT PIC\libraries\libraries\lcd\lcd.c
             LCD_printNum   0x001054    program     extern D:\BT PIC\libraries\libraries\lcd\lcd.c
         LCD_printNumSync   0x00119e    program     extern D:\BT PIC\libraries\libraries\lcd\lcd.c
             LCD_printStr   0x0010e6    program     extern D:\BT PIC\libraries\libraries\lcd\lcd.c
         LCD_printStrSync   0x001232    program     extern D:\BT PIC\libraries\libraries\lcd\lcd.c
              LCD_sendCmd   0x000efe    program     extern D:\BT PIC\libraries\libraries\lcd\lcd.c
            LCD_setCursor   0x00101e    program     extern D:\BT PIC\libraries\libraries\lcd\lcd.c
           LCD_write4Bits   0x000f46    program     extern D:\BT PIC\libraries\libraries\lcd\lcd.c
        LCD_writeCharSync   0x001106    program     extern D:\BT PIC\libraries\libraries\lcd\lcd.c
             LCD_writeCmd   0x000f54    program     extern D:\BT PIC\libraries\libraries\lcd\lcd.c
            LCD_writeData   0x000f5c    program     extern D:\BT PIC\libraries\libraries\lcd\lcd.c
               OpenOutput   0x00015a    program     extern D:\BT PIC\BTL_Traffic_Light.X\main.c
       Phase1_BlinkYellow   0x000278    program     extern D:\BT PIC\BTL_Traffic_Light.X\main.c
          Phase1_GreenOff   0x000236    program     extern D:\BT PIC\BTL_Traffic_Light.X\main.c
           Phase1_GreenOn   0x000230    program     extern D:\BT PIC\BTL_Traffic_Light.X\main.c
            Phase1_RedOff   0x00024e    program     extern D:\BT PIC\BTL_Traffic_Light.X\main.c
             Phase1_RedOn   0x000248    program     extern D:\BT PIC\BTL_Traffic_Light.X\main.c
         Phase1_YellowOff   0x000242    program     extern D:\BT PIC\BTL_Traffic_Light.X\main.c
          Phase1_YellowOn   0x00023c    program     extern D:\BT PIC\BTL_Traffic_Light.X\main.c
       Phase2_BlinkYellow   0x000284    program     extern D:\BT PIC\BTL_Traffic_Light.X\main.c
          Phase2_GreenOff   0x00025a    program     extern D:\BT PIC\BTL_Traffic_Light.X\main.c
           Phase2_GreenOn   0x000254    program     extern D:\BT PIC\BTL_Traffic_Light.X\main.c
            Phase2_RedOff   0x000272    program     extern D:\BT PIC\BTL_Traffic_Light.X\main.c
             Phase2_RedOn   0x00026c    program     extern D:\BT PIC\BTL_Traffic_Light.X\main.c
         Phase2_YellowOff   0x000266    program     extern D:\BT PIC\BTL_Traffic_Light.X\main.c
          Phase2_YellowOn   0x000260    program     extern D:\BT PIC\BTL_Traffic_Light.X\main.c
       PrintSevenSegment1   0x00032e    program     extern D:\BT PIC\BTL_Traffic_Light.X\main.c
            ReverseOutput   0x0001a6    program     extern D:\BT PIC\BTL_Traffic_Light.X\main.c
                  SetTime   0x000288    program     extern D:\BT PIC\BTL_Traffic_Light.X\main.c
               TestOutput   0x0001da    program     extern D:\BT PIC\BTL_Traffic_Light.X\main.c
              Timer0_init   0x001536    program     extern D:\BT PIC\libraries\libraries\timer\timer.c
               Timer0_isr   0x001602    program     extern D:\BT PIC\libraries\libraries\timer\timer.c
               Timer0_set   0x001672    program     extern D:\BT PIC\libraries\libraries\timer\timer.c
             Timer0_start   0x00155c    program     extern D:\BT PIC\libraries\libraries\timer\timer.c
              Timer0_stop   0x001558    program     extern D:\BT PIC\libraries\libraries\timer\timer.c
              Timer1_init   0x001562    program     extern D:\BT PIC\libraries\libraries\timer\timer.c
               Timer1_isr   0x00161e    program     extern D:\BT PIC\libraries\libraries\timer\timer.c
               Timer1_set   0x00168a    program     extern D:\BT PIC\libraries\libraries\timer\timer.c
             Timer1_start   0x00158a    program     extern D:\BT PIC\libraries\libraries\timer\timer.c
              Timer1_stop   0x001590    program     extern D:\BT PIC\libraries\libraries\timer\timer.c
              Timer2_init   0x001594    program     extern D:\BT PIC\libraries\libraries\timer\timer.c
               Timer2_isr   0x00163a    program     extern D:\BT PIC\libraries\libraries\timer\timer.c
             Timer2_start   0x0015b4    program     extern D:\BT PIC\libraries\libraries\timer\timer.c
              Timer2_stop   0x0015bc    program     extern D:\BT PIC\libraries\libraries\timer\timer.c
              Timer3_init   0x0015c0    program     extern D:\BT PIC\libraries\libraries\timer\timer.c
               Timer3_isr   0x001656    program     extern D:\BT PIC\libraries\libraries\timer\timer.c
               Timer3_set   0x0016a2    program     extern D:\BT PIC\libraries\libraries\timer\timer.c
             Timer3_start   0x0015ee    program     extern D:\BT PIC\libraries\libraries\timer\timer.c
              Timer3_stop   0x0015fe    program     extern D:\BT PIC\libraries\libraries\timer\timer.c
       ___return_lbl00000   0x001c94    program     static                          
       ___return_lbl00000   0x000004    program     static                          
       ___return_lbl00000   0x001d36    program     static                          
       ___return_lbl00000   0x001d70    program     static                          
       ___return_lbl00000   0x001dc8    program     static                          
       ___return_lbl00001   0x001dac    program     static                          
       ___return_lbl00002   0x001c24    program     static                          
       ___return_lbl00002   0x00001c    program     static                          
       ___return_lbl00003   0x00000c    program     static                          
               __config_0   0x300001    program     static D:\BT PIC\BTL_Traffic_Light.X\main.c
               __config_1   0x300002    program     static D:\BT PIC\BTL_Traffic_Light.X\main.c
              __config_10   0x30000d    program     static D:\BT PIC\BTL_Traffic_Light.X\main.c
               __config_2   0x300003    program     static D:\BT PIC\BTL_Traffic_Light.X\main.c
               __config_3   0x300005    program     static D:\BT PIC\BTL_Traffic_Light.X\main.c
               __config_4   0x300006    program     static D:\BT PIC\BTL_Traffic_Light.X\main.c
               __config_5   0x300008    program     static D:\BT PIC\BTL_Traffic_Light.X\main.c
               __config_6   0x300009    program     static D:\BT PIC\BTL_Traffic_Light.X\main.c
               __config_7   0x30000a    program     static D:\BT PIC\BTL_Traffic_Light.X\main.c
               __config_8   0x30000b    program     static D:\BT PIC\BTL_Traffic_Light.X\main.c
               __config_9   0x30000c    program     static D:\BT PIC\BTL_Traffic_Light.X\main.c
                   __init   0x000006    program     extern E:\3.46\pic18-lt\cxx-framework\src\traditional\stdclib\__init.c
                   __pa_0   0x0018d0    program     static D:\BT PIC\libraries\libraries\button\button.c
                   __pa_0   0x000b5e    program     static D:\BT PIC\BTL_Traffic_Light.X\main.c
                   __pa_0   0x0012a6    program     static D:\BT PIC\libraries\libraries\lcd\lcd.c
                   __pa_0   0x001a0e    program     static D:\BT PIC\libraries\libraries\interrupt\interrupt.c
                   __pa_0   0x0016ba    program     static D:\BT PIC\libraries\libraries\timer\timer.c
                   __pa_1   0x000b66    program     static D:\BT PIC\BTL_Traffic_Light.X\main.c
                   __pa_1   0x0012b4    program     static D:\BT PIC\libraries\libraries\lcd\lcd.c
                   __pa_1   0x001a38    program     static D:\BT PIC\libraries\libraries\interrupt\interrupt.c
                   __pa_1   0x0018e0    program     static D:\BT PIC\libraries\libraries\button\button.c
                   __pa_1   0x0016e6    program     static D:\BT PIC\libraries\libraries\timer\timer.c
                  __pa_10   0x000be6    program     static D:\BT PIC\BTL_Traffic_Light.X\main.c
                  __pa_10   0x001358    program     static D:\BT PIC\libraries\libraries\lcd\lcd.c
                  __pa_10   0x001768    program     static D:\BT PIC\libraries\libraries\timer\timer.c
                  __pa_11   0x000bf0    program     static D:\BT PIC\BTL_Traffic_Light.X\main.c
                  __pa_11   0x001370    program     static D:\BT PIC\libraries\libraries\lcd\lcd.c
                  __pa_11   0x001772    program     static D:\BT PIC\libraries\libraries\timer\timer.c
                  __pa_12   0x001382    program     static D:\BT PIC\libraries\libraries\lcd\lcd.c
                  __pa_12   0x000bfc    program     static D:\BT PIC\BTL_Traffic_Light.X\main.c
                  __pa_12   0x001780    program     static D:\BT PIC\libraries\libraries\timer\timer.c
                  __pa_13   0x00138a    program     static D:\BT PIC\libraries\libraries\lcd\lcd.c
                  __pa_13   0x000c06    program     static D:\BT PIC\BTL_Traffic_Light.X\main.c
                  __pa_14   0x0013a2    program     static D:\BT PIC\libraries\libraries\lcd\lcd.c
                  __pa_14   0x000c10    program     static D:\BT PIC\BTL_Traffic_Light.X\main.c
                  __pa_15   0x000c1c    program     static D:\BT PIC\BTL_Traffic_Light.X\main.c
                  __pa_15   0x0013ae    program     static D:\BT PIC\libraries\libraries\lcd\lcd.c
                  __pa_16   0x000c24    program     static D:\BT PIC\BTL_Traffic_Light.X\main.c
                  __pa_16   0x0013c0    program     static D:\BT PIC\libraries\libraries\lcd\lcd.c
                  __pa_17   0x0013d2    program     static D:\BT PIC\libraries\libraries\lcd\lcd.c
                  __pa_17   0x000c2c    program     static D:\BT PIC\BTL_Traffic_Light.X\main.c
                  __pa_18   0x0013e4    program     static D:\BT PIC\libraries\libraries\lcd\lcd.c
                  __pa_18   0x000c30    program     static D:\BT PIC\BTL_Traffic_Light.X\main.c
                  __pa_19   0x0013f4    program     static D:\BT PIC\libraries\libraries\lcd\lcd.c
                  __pa_19   0x000c38    program     static D:\BT PIC\BTL_Traffic_Light.X\main.c
                   __pa_2   0x001a5e    program     static D:\BT PIC\libraries\libraries\interrupt\interrupt.c
                   __pa_2   0x000b70    program     static D:\BT PIC\BTL_Traffic_Light.X\main.c
                   __pa_2   0x0012d2    program     static D:\BT PIC\libraries\libraries\lcd\lcd.c
                   __pa_2   0x0018ec    program     static D:\BT PIC\libraries\libraries\button\button.c
                   __pa_2   0x001702    program     static D:\BT PIC\libraries\libraries\timer\timer.c
                  __pa_20   0x0013fe    program     static D:\BT PIC\libraries\libraries\lcd\lcd.c
                  __pa_20   0x000c40    program     static D:\BT PIC\BTL_Traffic_Light.X\main.c
                  __pa_21   0x00141e    program     static D:\BT PIC\libraries\libraries\lcd\lcd.c
                  __pa_21   0x000c48    program     static D:\BT PIC\BTL_Traffic_Light.X\main.c
                  __pa_22   0x001432    program     static D:\BT PIC\libraries\libraries\lcd\lcd.c
                  __pa_22   0x000c50    program     static D:\BT PIC\BTL_Traffic_Light.X\main.c
                  __pa_23   0x00143c    program     static D:\BT PIC\libraries\libraries\lcd\lcd.c
                  __pa_23   0x000c64    program     static D:\BT PIC\BTL_Traffic_Light.X\main.c
                  __pa_24   0x000c72    program     static D:\BT PIC\BTL_Traffic_Light.X\main.c
                  __pa_24   0x00144a    program     static D:\BT PIC\libraries\libraries\lcd\lcd.c
                  __pa_25   0x000c80    program     static D:\BT PIC\BTL_Traffic_Light.X\main.c
                  __pa_25   0x00145c    program     static D:\BT PIC\libraries\libraries\lcd\lcd.c
                  __pa_26   0x000c8e    program     static D:\BT PIC\BTL_Traffic_Light.X\main.c
                  __pa_26   0x00146e    program     static D:\BT PIC\libraries\libraries\lcd\lcd.c
                  __pa_27   0x000c96    program     static D:\BT PIC\BTL_Traffic_Light.X\main.c
                  __pa_27   0x00147c    program     static D:\BT PIC\libraries\libraries\lcd\lcd.c
                  __pa_28   0x00148e    program     static D:\BT PIC\libraries\libraries\lcd\lcd.c
                  __pa_28   0x000c9e    program     static D:\BT PIC\BTL_Traffic_Light.X\main.c
                  __pa_29   0x0014a0    program     static D:\BT PIC\libraries\libraries\lcd\lcd.c
                  __pa_29   0x000caa    program     static D:\BT PIC\BTL_Traffic_Light.X\main.c
                   __pa_3   0x0012e0    program     static D:\BT PIC\libraries\libraries\lcd\lcd.c
                   __pa_3   0x0018f6    program     static D:\BT PIC\libraries\libraries\button\button.c
                   __pa_3   0x00170a    program     static D:\BT PIC\libraries\libraries\timer\timer.c
                   __pa_3   0x000b86    program     static D:\BT PIC\BTL_Traffic_Light.X\main.c
                   __pa_3   0x001a6c    program     static D:\BT PIC\libraries\libraries\interrupt\interrupt.c
                  __pa_30   0x0014aa    program     static D:\BT PIC\libraries\libraries\lcd\lcd.c
                  __pa_30   0x000cb6    program     static D:\BT PIC\BTL_Traffic_Light.X\main.c
                  __pa_31   0x0014b8    program     static D:\BT PIC\libraries\libraries\lcd\lcd.c
                  __pa_31   0x000ccc    program     static D:\BT PIC\BTL_Traffic_Light.X\main.c
                  __pa_32   0x000cda    program     static D:\BT PIC\BTL_Traffic_Light.X\main.c
                  __pa_32   0x0014c6    program     static D:\BT PIC\libraries\libraries\lcd\lcd.c
                  __pa_33   0x0014d2    program     static D:\BT PIC\libraries\libraries\lcd\lcd.c
                  __pa_33   0x000cee    program     static D:\BT PIC\BTL_Traffic_Light.X\main.c
                  __pa_34   0x000cf8    program     static D:\BT PIC\BTL_Traffic_Light.X\main.c
                  __pa_34   0x0014de    program     static D:\BT PIC\libraries\libraries\lcd\lcd.c
                  __pa_35   0x000d06    program     static D:\BT PIC\BTL_Traffic_Light.X\main.c
                  __pa_35   0x0014ec    program     static D:\BT PIC\libraries\libraries\lcd\lcd.c
                  __pa_36   0x000d12    program     static D:\BT PIC\BTL_Traffic_Light.X\main.c
                  __pa_36   0x0014fa    program     static D:\BT PIC\libraries\libraries\lcd\lcd.c
                  __pa_37   0x000d2a    program     static D:\BT PIC\BTL_Traffic_Light.X\main.c
                  __pa_37   0x001506    program     static D:\BT PIC\libraries\libraries\lcd\lcd.c
                  __pa_38   0x00150e    program     static D:\BT PIC\libraries\libraries\lcd\lcd.c
                  __pa_38   0x000d30    program     static D:\BT PIC\BTL_Traffic_Light.X\main.c
                  __pa_39   0x000d44    program     static D:\BT PIC\BTL_Traffic_Light.X\main.c
                  __pa_39   0x001516    program     static D:\BT PIC\libraries\libraries\lcd\lcd.c
                   __pa_4   0x0012ea    program     static D:\BT PIC\libraries\libraries\lcd\lcd.c
                   __pa_4   0x000b8e    program     static D:\BT PIC\BTL_Traffic_Light.X\main.c
                   __pa_4   0x001a7a    program     static D:\BT PIC\libraries\libraries\interrupt\interrupt.c
                   __pa_4   0x001908    program     static D:\BT PIC\libraries\libraries\button\button.c
                   __pa_4   0x001712    program     static D:\BT PIC\libraries\libraries\timer\timer.c
                  __pa_40   0x000d52    program     static D:\BT PIC\BTL_Traffic_Light.X\main.c
                  __pa_40   0x00151e    program     static D:\BT PIC\libraries\libraries\lcd\lcd.c
                  __pa_41   0x000d60    program     static D:\BT PIC\BTL_Traffic_Light.X\main.c
                  __pa_41   0x001524    program     static D:\BT PIC\libraries\libraries\lcd\lcd.c
                  __pa_42   0x000d68    program     static D:\BT PIC\BTL_Traffic_Light.X\main.c
                  __pa_43   0x000d70    program     static D:\BT PIC\BTL_Traffic_Light.X\main.c
                  __pa_44   0x000d7e    program     static D:\BT PIC\BTL_Traffic_Light.X\main.c
                  __pa_45   0x000d86    program     static D:\BT PIC\BTL_Traffic_Light.X\main.c
                  __pa_46   0x000d8e    program     static D:\BT PIC\BTL_Traffic_Light.X\main.c
                  __pa_47   0x000d94    program     static D:\BT PIC\BTL_Traffic_Light.X\main.c
                  __pa_48   0x000da2    program     static D:\BT PIC\BTL_Traffic_Light.X\main.c
                  __pa_49   0x000da6    program     static D:\BT PIC\BTL_Traffic_Light.X\main.c
                   __pa_5   0x001722    program     static D:\BT PIC\libraries\libraries\timer\timer.c
                   __pa_5   0x001928    program     static D:\BT PIC\libraries\libraries\button\button.c
                   __pa_5   0x000b9c    program     static D:\BT PIC\BTL_Traffic_Light.X\main.c
                   __pa_5   0x0012f2    program     static D:\BT PIC\libraries\libraries\lcd\lcd.c
                  __pa_50   0x000db0    program     static D:\BT PIC\BTL_Traffic_Light.X\main.c
                  __pa_51   0x000dbc    program     static D:\BT PIC\BTL_Traffic_Light.X\main.c
                  __pa_52   0x000dc8    program     static D:\BT PIC\BTL_Traffic_Light.X\main.c
                  __pa_53   0x000dd4    program     static D:\BT PIC\BTL_Traffic_Light.X\main.c
                  __pa_54   0x000ddc    program     static D:\BT PIC\BTL_Traffic_Light.X\main.c
                  __pa_55   0x000dea    program     static D:\BT PIC\BTL_Traffic_Light.X\main.c
                  __pa_56   0x000df4    program     static D:\BT PIC\BTL_Traffic_Light.X\main.c
                  __pa_57   0x000dfa    program     static D:\BT PIC\BTL_Traffic_Light.X\main.c
                  __pa_58   0x000e06    program     static D:\BT PIC\BTL_Traffic_Light.X\main.c
                  __pa_59   0x000e18    program     static D:\BT PIC\BTL_Traffic_Light.X\main.c
                   __pa_6   0x000ba4    program     static D:\BT PIC\BTL_Traffic_Light.X\main.c
                   __pa_6   0x001300    program     static D:\BT PIC\libraries\libraries\lcd\lcd.c
                   __pa_6   0x001732    program     static D:\BT PIC\libraries\libraries\timer\timer.c
                  __pa_60   0x000e26    program     static D:\BT PIC\BTL_Traffic_Light.X\main.c
                  __pa_61   0x000e2c    program     static D:\BT PIC\BTL_Traffic_Light.X\main.c
                  __pa_62   0x000e3a    program     static D:\BT PIC\BTL_Traffic_Light.X\main.c
                   __pa_7   0x001318    program     static D:\BT PIC\libraries\libraries\lcd\lcd.c
                   __pa_7   0x000bb0    program     static D:\BT PIC\BTL_Traffic_Light.X\main.c
                   __pa_7   0x00173e    program     static D:\BT PIC\libraries\libraries\timer\timer.c
                   __pa_8   0x000bc6    program     static D:\BT PIC\BTL_Traffic_Light.X\main.c
                   __pa_8   0x001332    program     static D:\BT PIC\libraries\libraries\lcd\lcd.c
                   __pa_8   0x00174c    program     static D:\BT PIC\libraries\libraries\timer\timer.c
                   __pa_9   0x00134e    program     static D:\BT PIC\libraries\libraries\lcd\lcd.c
                   __pa_9   0x00175a    program     static D:\BT PIC\libraries\libraries\timer\timer.c
                   __pa_9   0x000bdc    program     static D:\BT PIC\BTL_Traffic_Light.X\main.c
               __string_0   0x001b7b    program     static D:\BT PIC\BTL_Traffic_Light.X\main.c
               __string_1   0x001b6d    program     static D:\BT PIC\BTL_Traffic_Light.X\main.c
              __string_10   0x001b02    program     static D:\BT PIC\BTL_Traffic_Light.X\main.c
              __string_11   0x001af2    program     static D:\BT PIC\BTL_Traffic_Light.X\main.c
              __string_12   0x001ae1    program     static D:\BT PIC\BTL_Traffic_Light.X\main.c
              __string_13   0x001ad4    program     static D:\BT PIC\BTL_Traffic_Light.X\main.c
              __string_14   0x001ac7    program     static D:\BT PIC\BTL_Traffic_Light.X\main.c
              __string_15   0x001abc    program     static D:\BT PIC\BTL_Traffic_Light.X\main.c
              __string_16   0x001aae    program     static D:\BT PIC\BTL_Traffic_Light.X\main.c
              __string_17   0x001aa3    program     static D:\BT PIC\BTL_Traffic_Light.X\main.c
              __string_18   0x001a96    program     static D:\BT PIC\BTL_Traffic_Light.X\main.c
              __string_19   0x001a88    program     static D:\BT PIC\BTL_Traffic_Light.X\main.c
               __string_2   0x001b61    program     static D:\BT PIC\BTL_Traffic_Light.X\main.c
               __string_3   0x001b52    program     static D:\BT PIC\BTL_Traffic_Light.X\main.c
               __string_4   0x001b46    program     static D:\BT PIC\BTL_Traffic_Light.X\main.c
               __string_5   0x001b38    program     static D:\BT PIC\BTL_Traffic_Light.X\main.c
               __string_6   0x001b29    program     static D:\BT PIC\BTL_Traffic_Light.X\main.c
               __string_7   0x001b18    program     static D:\BT PIC\BTL_Traffic_Light.X\main.c
               __string_8   0x001b16    program     static D:\BT PIC\BTL_Traffic_Light.X\main.c
               __string_9   0x001b13    program     static D:\BT PIC\BTL_Traffic_Light.X\main.c
              __tmplbl_29   0x000c1c    program     static                          
              __tmplbl_30   0x000c1c    program     static                          
              __tmplbl_31   0x000c1c    program     static                          
              __tmplbl_32   0x000c1c    program     static                          
              __tmplbl_33   0x000c1c    program     static                          
              __tmplbl_34   0x000c1c    program     static                          
              __tmplbl_35   0x000c1c    program     static                          
              __tmplbl_37   0x000c1c    program     static                          
              __tmplbl_38   0x000c1c    program     static                          
            __zero_memory   0x001d72    program     extern E:\3.46\pic18-lt\cxx-framework\src\traditional\proc\p18f4620.asm
                _do_cinit   0x001b88    program     extern E:\3.46\pic18-lt\cxx-framework\src\traditional\startup\c018i.c
                   _entry   0x000000    program     extern E:\3.46\pic18-lt\cxx-framework\src\traditional\startup\c018i.c
                   _false   0x001d32    program     static                          
                   _false   0x001d6c    program     static                          
                 _startup   0x001d92    program     extern E:\3.46\pic18-lt\cxx-framework\src\traditional\startup\c018i.c
                compare_l   0x001d88    program     static E:\3.46\pic18-lt\cxx-framework\src\traditional\proc\p18f4620.asm
                copy_loop   0x001bfa    program     static                          
            copy_one_byte   0x001c00    program     static                          
                 delay_ms   0x0000a4    program     extern D:\BT PIC\BTL_Traffic_Light.X\main.c
                     done   0x001c24    program     static                          
             done_copying   0x001c0e    program     static                          
                  endloop   0x001dc4    program     static                          
                  highIsr   0x0019b0    program     extern D:\BT PIC\libraries\libraries\interrupt\interrupt.c
              init_output   0x00011c    program     extern D:\BT PIC\BTL_Traffic_Light.X\main.c
              init_system   0x000124    program     extern D:\BT PIC\BTL_Traffic_Light.X\main.c
      interruptVectorHigh   0x000008    program     extern D:\BT PIC\libraries\libraries\interrupt\interrupt.c
       interruptVectorLow   0x000018    program     extern D:\BT PIC\libraries\libraries\interrupt\interrupt.c
           isButtonNumber   0x00028a    program     extern D:\BT PIC\BTL_Traffic_Light.X\main.c
                     loop   0x001db6    program     static                          
                     loop   0x001d44    program     static                          
                     loop   0x001cfe    program     static                          
                     loop   0x001da2    program     static                          
                   loop_h   0x001d80    program     static E:\3.46\pic18-lt\cxx-framework\src\traditional\proc\p18f4620.asm
                   loop_l   0x001d8a    program     static E:\3.46\pic18-lt\cxx-framework\src\traditional\proc\p18f4620.asm
                   lowIsr   0x00193e    program     extern D:\BT PIC\libraries\libraries\interrupt\interrupt.c
                     main   0x00005c    program     extern D:\BT PIC\BTL_Traffic_Light.X\main.c
                     test   0x001ba2    program     static                          
                 v_timer0   0x000e96    program     extern D:\BT PIC\libraries\libraries\lcd\lcd.c
               zero_block   0x001d80    program     static E:\3.46\pic18-lt\cxx-framework\src\traditional\proc\p18f4620.asm
                   ADCON0   0x000fc2       data     extern E:\3.46\pic18-lt\cxx-framework\src\traditional\proc\p18f4620.asm
               ADCON0bits   0x000fc2       data     extern E:\3.46\pic18-lt\cxx-framework\src\traditional\proc\p18f4620.asm
                   ADCON1   0x000fc1       data     extern E:\3.46\pic18-lt\cxx-framework\src\traditional\proc\p18f4620.asm
               ADCON1bits   0x000fc1       data     extern E:\3.46\pic18-lt\cxx-framework\src\traditional\proc\p18f4620.asm
                   ADCON2   0x000fc0       data     extern E:\3.46\pic18-lt\cxx-framework\src\traditional\proc\p18f4620.asm
               ADCON2bits   0x000fc0       data     extern E:\3.46\pic18-lt\cxx-framework\src\traditional\proc\p18f4620.asm
                    ADRES   0x000fc3       data     extern E:\3.46\pic18-lt\cxx-framework\src\traditional\proc\p18f4620.asm
                   ADRESH   0x000fc4       data     extern E:\3.46\pic18-lt\cxx-framework\src\traditional\proc\p18f4620.asm
                   ADRESL   0x000fc3       data     extern E:\3.46\pic18-lt\cxx-framework\src\traditional\proc\p18f4620.asm
                  BAUDCON   0x000fb8       data     extern E:\3.46\pic18-lt\cxx-framework\src\traditional\proc\p18f4620.asm
              BAUDCONbits   0x000fb8       data     extern E:\3.46\pic18-lt\cxx-framework\src\traditional\proc\p18f4620.asm
                  BAUDCTL   0x000fb8       data     extern E:\3.46\pic18-lt\cxx-framework\src\traditional\proc\p18f4620.asm
              BAUDCTLbits   0x000fb8       data     extern E:\3.46\pic18-lt\cxx-framework\src\traditional\proc\p18f4620.asm
                      BSR   0x000fe0       data     extern E:\3.46\pic18-lt\cxx-framework\src\traditional\proc\p18f4620.asm
                  CCP1CON   0x000fbd       data     extern E:\3.46\pic18-lt\cxx-framework\src\traditional\proc\p18f4620.asm
              CCP1CONbits   0x000fbd       data     extern E:\3.46\pic18-lt\cxx-framework\src\traditional\proc\p18f4620.asm
                  CCP2CON   0x000fba       data     extern E:\3.46\pic18-lt\cxx-framework\src\traditional\proc\p18f4620.asm
              CCP2CONbits   0x000fba       data     extern E:\3.46\pic18-lt\cxx-framework\src\traditional\proc\p18f4620.asm
                    CCPR1   0x000fbe       data     extern E:\3.46\pic18-lt\cxx-framework\src\traditional\proc\p18f4620.asm
                   CCPR1H   0x000fbf       data     extern E:\3.46\pic18-lt\cxx-framework\src\traditional\proc\p18f4620.asm
                   CCPR1L   0x000fbe       data     extern E:\3.46\pic18-lt\cxx-framework\src\traditional\proc\p18f4620.asm
                    CCPR2   0x000fbb       data     extern E:\3.46\pic18-lt\cxx-framework\src\traditional\proc\p18f4620.asm
                   CCPR2H   0x000fbc       data     extern E:\3.46\pic18-lt\cxx-framework\src\traditional\proc\p18f4620.asm
                   CCPR2L   0x000fbb       data     extern E:\3.46\pic18-lt\cxx-framework\src\traditional\proc\p18f4620.asm
                    CMCON   0x000fb4       data     extern E:\3.46\pic18-lt\cxx-framework\src\traditional\proc\p18f4620.asm
                CMCONbits   0x000fb4       data     extern E:\3.46\pic18-lt\cxx-framework\src\traditional\proc\p18f4620.asm
                   CVRCON   0x000fb5       data     extern E:\3.46\pic18-lt\cxx-framework\src\traditional\proc\p18f4620.asm
               CVRCONbits   0x000fb5       data     extern E:\3.46\pic18-lt\cxx-framework\src\traditional\proc\p18f4620.asm
                     DDRA   0x000f92       data     extern E:\3.46\pic18-lt\cxx-framework\src\traditional\proc\p18f4620.asm
                 DDRAbits   0x000f92       data     extern E:\3.46\pic18-lt\cxx-framework\src\traditional\proc\p18f4620.asm
                     DDRB   0x000f93       data     extern E:\3.46\pic18-lt\cxx-framework\src\traditional\proc\p18f4620.asm
                 DDRBbits   0x000f93       data     extern E:\3.46\pic18-lt\cxx-framework\src\traditional\proc\p18f4620.asm
                     DDRC   0x000f94       data     extern E:\3.46\pic18-lt\cxx-framework\src\traditional\proc\p18f4620.asm
                 DDRCbits   0x000f94       data     extern E:\3.46\pic18-lt\cxx-framework\src\traditional\proc\p18f4620.asm
                     DDRD   0x000f95       data     extern E:\3.46\pic18-lt\cxx-framework\src\traditional\proc\p18f4620.asm
                 DDRDbits   0x000f95       data     extern E:\3.46\pic18-lt\cxx-framework\src\traditional\proc\p18f4620.asm
                     DDRE   0x000f96       data     extern E:\3.46\pic18-lt\cxx-framework\src\traditional\proc\p18f4620.asm
                 DDREbits   0x000f96       data     extern E:\3.46\pic18-lt\cxx-framework\src\traditional\proc\p18f4620.asm
                  ECCP1AS   0x000fb6       data     extern E:\3.46\pic18-lt\cxx-framework\src\traditional\proc\p18f4620.asm
              ECCP1ASbits   0x000fb6       data     extern E:\3.46\pic18-lt\cxx-framework\src\traditional\proc\p18f4620.asm
                    EEADR   0x000fa9       data     extern E:\3.46\pic18-lt\cxx-framework\src\traditional\proc\p18f4620.asm
                   EEADRH   0x000faa       data     extern E:\3.46\pic18-lt\cxx-framework\src\traditional\proc\p18f4620.asm
                   EECON1   0x000fa6       data     extern E:\3.46\pic18-lt\cxx-framework\src\traditional\proc\p18f4620.asm
               EECON1bits   0x000fa6       data     extern E:\3.46\pic18-lt\cxx-framework\src\traditional\proc\p18f4620.asm
                   EECON2   0x000fa7       data     extern E:\3.46\pic18-lt\cxx-framework\src\traditional\proc\p18f4620.asm
                   EEDATA   0x000fa8       data     extern E:\3.46\pic18-lt\cxx-framework\src\traditional\proc\p18f4620.asm
                     FSR0   0x000fe9       data     extern E:\3.46\pic18-lt\cxx-framework\src\traditional\proc\p18f4620.asm
                    FSR0H   0x000fea       data     extern E:\3.46\pic18-lt\cxx-framework\src\traditional\proc\p18f4620.asm
                    FSR0L   0x000fe9       data     extern E:\3.46\pic18-lt\cxx-framework\src\traditional\proc\p18f4620.asm
                     FSR1   0x000fe1       data     extern E:\3.46\pic18-lt\cxx-framework\src\traditional\proc\p18f4620.asm
                    FSR1H   0x000fe2       data     extern E:\3.46\pic18-lt\cxx-framework\src\traditional\proc\p18f4620.asm
                    FSR1L   0x000fe1       data     extern E:\3.46\pic18-lt\cxx-framework\src\traditional\proc\p18f4620.asm
                     FSR2   0x000fd9       data     extern E:\3.46\pic18-lt\cxx-framework\src\traditional\proc\p18f4620.asm
                    FSR2H   0x000fda       data     extern E:\3.46\pic18-lt\cxx-framework\src\traditional\proc\p18f4620.asm
                    FSR2L   0x000fd9       data     extern E:\3.46\pic18-lt\cxx-framework\src\traditional\proc\p18f4620.asm
                  HLVDCON   0x000fd2       data     extern E:\3.46\pic18-lt\cxx-framework\src\traditional\proc\p18f4620.asm
              HLVDCONbits   0x000fd2       data     extern E:\3.46\pic18-lt\cxx-framework\src\traditional\proc\p18f4620.asm
                    INDF0   0x000fef       data     extern E:\3.46\pic18-lt\cxx-framework\src\traditional\proc\p18f4620.asm
                    INDF1   0x000fe7       data     extern E:\3.46\pic18-lt\cxx-framework\src\traditional\proc\p18f4620.asm
                    INDF2   0x000fdf       data     extern E:\3.46\pic18-lt\cxx-framework\src\traditional\proc\p18f4620.asm
                   INTCON   0x000ff2       data     extern E:\3.46\pic18-lt\cxx-framework\src\traditional\proc\p18f4620.asm
                  INTCON2   0x000ff1       data     extern E:\3.46\pic18-lt\cxx-framework\src\traditional\proc\p18f4620.asm
              INTCON2bits   0x000ff1       data     extern E:\3.46\pic18-lt\cxx-framework\src\traditional\proc\p18f4620.asm
                  INTCON3   0x000ff0       data     extern E:\3.46\pic18-lt\cxx-framework\src\traditional\proc\p18f4620.asm
              INTCON3bits   0x000ff0       data     extern E:\3.46\pic18-lt\cxx-framework\src\traditional\proc\p18f4620.asm
               INTCONbits   0x000ff2       data     extern E:\3.46\pic18-lt\cxx-framework\src\traditional\proc\p18f4620.asm
                     IPR1   0x000f9f       data     extern E:\3.46\pic18-lt\cxx-framework\src\traditional\proc\p18f4620.asm
                 IPR1bits   0x000f9f       data     extern E:\3.46\pic18-lt\cxx-framework\src\traditional\proc\p18f4620.asm
                     IPR2   0x000fa2       data     extern E:\3.46\pic18-lt\cxx-framework\src\traditional\proc\p18f4620.asm
                 IPR2bits   0x000fa2       data     extern E:\3.46\pic18-lt\cxx-framework\src\traditional\proc\p18f4620.asm
                     LATA   0x000f89       data     extern E:\3.46\pic18-lt\cxx-framework\src\traditional\proc\p18f4620.asm
                 LATAbits   0x000f89       data     extern E:\3.46\pic18-lt\cxx-framework\src\traditional\proc\p18f4620.asm
                     LATB   0x000f8a       data     extern E:\3.46\pic18-lt\cxx-framework\src\traditional\proc\p18f4620.asm
                 LATBbits   0x000f8a       data     extern E:\3.46\pic18-lt\cxx-framework\src\traditional\proc\p18f4620.asm
                     LATC   0x000f8b       data     extern E:\3.46\pic18-lt\cxx-framework\src\traditional\proc\p18f4620.asm
                 LATCbits   0x000f8b       data     extern E:\3.46\pic18-lt\cxx-framework\src\traditional\proc\p18f4620.asm
                     LATD   0x000f8c       data     extern E:\3.46\pic18-lt\cxx-framework\src\traditional\proc\p18f4620.asm
                 LATDbits   0x000f8c       data     extern E:\3.46\pic18-lt\cxx-framework\src\traditional\proc\p18f4620.asm
                     LATE   0x000f8d       data     extern E:\3.46\pic18-lt\cxx-framework\src\traditional\proc\p18f4620.asm
                 LATEbits   0x000f8d       data     extern E:\3.46\pic18-lt\cxx-framework\src\traditional\proc\p18f4620.asm
               LCD_screen   0x0000df       data     extern D:\BT PIC\libraries\libraries\lcd\lcd.c
               LCD_status   0x0000de       data     extern D:\BT PIC\libraries\libraries\lcd\lcd.c
                   LVDCON   0x000fd2       data     extern E:\3.46\pic18-lt\cxx-framework\src\traditional\proc\p18f4620.asm
               LVDCONbits   0x000fd2       data     extern E:\3.46\pic18-lt\cxx-framework\src\traditional\proc\p18f4620.asm
                   OSCCON   0x000fd3       data     extern E:\3.46\pic18-lt\cxx-framework\src\traditional\proc\p18f4620.asm
               OSCCONbits   0x000fd3       data     extern E:\3.46\pic18-lt\cxx-framework\src\traditional\proc\p18f4620.asm
                  OSCTUNE   0x000f9b       data     extern E:\3.46\pic18-lt\cxx-framework\src\traditional\proc\p18f4620.asm
              OSCTUNEbits   0x000f9b       data     extern E:\3.46\pic18-lt\cxx-framework\src\traditional\proc\p18f4620.asm
                       PC   0x000ff9       data     extern E:\3.46\pic18-lt\cxx-framework\src\traditional\proc\p18f4620.asm
                      PCL   0x000ff9       data     extern E:\3.46\pic18-lt\cxx-framework\src\traditional\proc\p18f4620.asm
                   PCLATH   0x000ffa       data     extern E:\3.46\pic18-lt\cxx-framework\src\traditional\proc\p18f4620.asm
                   PCLATU   0x000ffb       data     extern E:\3.46\pic18-lt\cxx-framework\src\traditional\proc\p18f4620.asm
                     PIE1   0x000f9d       data     extern E:\3.46\pic18-lt\cxx-framework\src\traditional\proc\p18f4620.asm
                 PIE1bits   0x000f9d       data     extern E:\3.46\pic18-lt\cxx-framework\src\traditional\proc\p18f4620.asm
                     PIE2   0x000fa0       data     extern E:\3.46\pic18-lt\cxx-framework\src\traditional\proc\p18f4620.asm
                 PIE2bits   0x000fa0       data     extern E:\3.46\pic18-lt\cxx-framework\src\traditional\proc\p18f4620.asm
                     PIR1   0x000f9e       data     extern E:\3.46\pic18-lt\cxx-framework\src\traditional\proc\p18f4620.asm
                 PIR1bits   0x000f9e       data     extern E:\3.46\pic18-lt\cxx-framework\src\traditional\proc\p18f4620.asm
                     PIR2   0x000fa1       data     extern E:\3.46\pic18-lt\cxx-framework\src\traditional\proc\p18f4620.asm
                 PIR2bits   0x000fa1       data     extern E:\3.46\pic18-lt\cxx-framework\src\traditional\proc\p18f4620.asm
                   PLUSW0   0x000feb       data     extern E:\3.46\pic18-lt\cxx-framework\src\traditional\proc\p18f4620.asm
                   PLUSW1   0x000fe3       data     extern E:\3.46\pic18-lt\cxx-framework\src\traditional\proc\p18f4620.asm
                   PLUSW2   0x000fdb       data     extern E:\3.46\pic18-lt\cxx-framework\src\traditional\proc\p18f4620.asm
                    PORTA   0x000f80       data     extern E:\3.46\pic18-lt\cxx-framework\src\traditional\proc\p18f4620.asm
                PORTAbits   0x000f80       data     extern E:\3.46\pic18-lt\cxx-framework\src\traditional\proc\p18f4620.asm
                    PORTB   0x000f81       data     extern E:\3.46\pic18-lt\cxx-framework\src\traditional\proc\p18f4620.asm
                PORTBbits   0x000f81       data     extern E:\3.46\pic18-lt\cxx-framework\src\traditional\proc\p18f4620.asm
                    PORTC   0x000f82       data     extern E:\3.46\pic18-lt\cxx-framework\src\traditional\proc\p18f4620.asm
                PORTCbits   0x000f82       data     extern E:\3.46\pic18-lt\cxx-framework\src\traditional\proc\p18f4620.asm
                    PORTD   0x000f83       data     extern E:\3.46\pic18-lt\cxx-framework\src\traditional\proc\p18f4620.asm
                PORTDbits   0x000f83       data     extern E:\3.46\pic18-lt\cxx-framework\src\traditional\proc\p18f4620.asm
                    PORTE   0x000f84       data     extern E:\3.46\pic18-lt\cxx-framework\src\traditional\proc\p18f4620.asm
                PORTEbits   0x000f84       data     extern E:\3.46\pic18-lt\cxx-framework\src\traditional\proc\p18f4620.asm
                 POSTDEC0   0x000fed       data     extern E:\3.46\pic18-lt\cxx-framework\src\traditional\proc\p18f4620.asm
                 POSTDEC1   0x000fe5       data     extern E:\3.46\pic18-lt\cxx-framework\src\traditional\proc\p18f4620.asm
                 POSTDEC2   0x000fdd       data     extern E:\3.46\pic18-lt\cxx-framework\src\traditional\proc\p18f4620.asm
                 POSTINC0   0x000fee       data     extern E:\3.46\pic18-lt\cxx-framework\src\traditional\proc\p18f4620.asm
                 POSTINC1   0x000fe6       data     extern E:\3.46\pic18-lt\cxx-framework\src\traditional\proc\p18f4620.asm
                 POSTINC2   0x000fde       data     extern E:\3.46\pic18-lt\cxx-framework\src\traditional\proc\p18f4620.asm
                      PR2   0x000fcb       data     extern E:\3.46\pic18-lt\cxx-framework\src\traditional\proc\p18f4620.asm
                  PREINC0   0x000fec       data     extern E:\3.46\pic18-lt\cxx-framework\src\traditional\proc\p18f4620.asm
                  PREINC1   0x000fe4       data     extern E:\3.46\pic18-lt\cxx-framework\src\traditional\proc\p18f4620.asm
                  PREINC2   0x000fdc       data     extern E:\3.46\pic18-lt\cxx-framework\src\traditional\proc\p18f4620.asm
                     PROD   0x000ff3       data     extern E:\3.46\pic18-lt\cxx-framework\src\traditional\proc\p18f4620.asm
                    PRODH   0x000ff4       data     extern E:\3.46\pic18-lt\cxx-framework\src\traditional\proc\p18f4620.asm
                    PRODL   0x000ff3       data     extern E:\3.46\pic18-lt\cxx-framework\src\traditional\proc\p18f4620.asm
                  PWM1CON   0x000fb7       data     extern E:\3.46\pic18-lt\cxx-framework\src\traditional\proc\p18f4620.asm
              PWM1CONbits   0x000fb7       data     extern E:\3.46\pic18-lt\cxx-framework\src\traditional\proc\p18f4620.asm
                     RCON   0x000fd0       data     extern E:\3.46\pic18-lt\cxx-framework\src\traditional\proc\p18f4620.asm
                 RCONbits   0x000fd0       data     extern E:\3.46\pic18-lt\cxx-framework\src\traditional\proc\p18f4620.asm
                    RCREG   0x000fae       data     extern E:\3.46\pic18-lt\cxx-framework\src\traditional\proc\p18f4620.asm
                    RCSTA   0x000fab       data     extern E:\3.46\pic18-lt\cxx-framework\src\traditional\proc\p18f4620.asm
                RCSTAbits   0x000fab       data     extern E:\3.46\pic18-lt\cxx-framework\src\traditional\proc\p18f4620.asm
                     SIGN   0x000000       data     extern E:\3.46\pic18-lt\cxx-framework\src\traditional\math\cmath18.asm
                    SPBRG   0x000faf       data     extern E:\3.46\pic18-lt\cxx-framework\src\traditional\proc\p18f4620.asm
                   SPBRGH   0x000fb0       data     extern E:\3.46\pic18-lt\cxx-framework\src\traditional\proc\p18f4620.asm
                   SSPADD   0x000fc8       data     extern E:\3.46\pic18-lt\cxx-framework\src\traditional\proc\p18f4620.asm
                   SSPBUF   0x000fc9       data     extern E:\3.46\pic18-lt\cxx-framework\src\traditional\proc\p18f4620.asm
                  SSPCON1   0x000fc6       data     extern E:\3.46\pic18-lt\cxx-framework\src\traditional\proc\p18f4620.asm
              SSPCON1bits   0x000fc6       data     extern E:\3.46\pic18-lt\cxx-framework\src\traditional\proc\p18f4620.asm
                  SSPCON2   0x000fc5       data     extern E:\3.46\pic18-lt\cxx-framework\src\traditional\proc\p18f4620.asm
              SSPCON2bits   0x000fc5       data     extern E:\3.46\pic18-lt\cxx-framework\src\traditional\proc\p18f4620.asm
                  SSPSTAT   0x000fc7       data     extern E:\3.46\pic18-lt\cxx-framework\src\traditional\proc\p18f4620.asm
              SSPSTATbits   0x000fc7       data     extern E:\3.46\pic18-lt\cxx-framework\src\traditional\proc\p18f4620.asm
                   STATUS   0x000fd8       data     extern E:\3.46\pic18-lt\cxx-framework\src\traditional\proc\p18f4620.asm
               STATUSbits   0x000fd8       data     extern E:\3.46\pic18-lt\cxx-framework\src\traditional\proc\p18f4620.asm
                   STKPTR   0x000ffc       data     extern E:\3.46\pic18-lt\cxx-framework\src\traditional\proc\p18f4620.asm
               STKPTRbits   0x000ffc       data     extern E:\3.46\pic18-lt\cxx-framework\src\traditional\proc\p18f4620.asm
                    T0CON   0x000fd5       data     extern E:\3.46\pic18-lt\cxx-framework\src\traditional\proc\p18f4620.asm
                T0CONbits   0x000fd5       data     extern E:\3.46\pic18-lt\cxx-framework\src\traditional\proc\p18f4620.asm
                    T1CON   0x000fcd       data     extern E:\3.46\pic18-lt\cxx-framework\src\traditional\proc\p18f4620.asm
                T1CONbits   0x000fcd       data     extern E:\3.46\pic18-lt\cxx-framework\src\traditional\proc\p18f4620.asm
                    T2CON   0x000fca       data     extern E:\3.46\pic18-lt\cxx-framework\src\traditional\proc\p18f4620.asm
                T2CONbits   0x000fca       data     extern E:\3.46\pic18-lt\cxx-framework\src\traditional\proc\p18f4620.asm
                    T3CON   0x000fb1       data     extern E:\3.46\pic18-lt\cxx-framework\src\traditional\proc\p18f4620.asm
                T3CONbits   0x000fb1       data     extern E:\3.46\pic18-lt\cxx-framework\src\traditional\proc\p18f4620.asm
                   TABLAT   0x000ff5       data     extern E:\3.46\pic18-lt\cxx-framework\src\traditional\proc\p18f4620.asm
                   TBLPTR   0x000ff6       data     extern E:\3.46\pic18-lt\cxx-framework\src\traditional\proc\p18f4620.asm
                  TBLPTRH   0x000ff7       data     extern E:\3.46\pic18-lt\cxx-framework\src\traditional\proc\p18f4620.asm
                  TBLPTRL   0x000ff6       data     extern E:\3.46\pic18-lt\cxx-framework\src\traditional\proc\p18f4620.asm
                  TBLPTRU   0x000ff8       data     extern E:\3.46\pic18-lt\cxx-framework\src\traditional\proc\p18f4620.asm
                    TMR0H   0x000fd7       data     extern E:\3.46\pic18-lt\cxx-framework\src\traditional\proc\p18f4620.asm
                    TMR0L   0x000fd6       data     extern E:\3.46\pic18-lt\cxx-framework\src\traditional\proc\p18f4620.asm
                    TMR1H   0x000fcf       data     extern E:\3.46\pic18-lt\cxx-framework\src\traditional\proc\p18f4620.asm
                    TMR1L   0x000fce       data     extern E:\3.46\pic18-lt\cxx-framework\src\traditional\proc\p18f4620.asm
                     TMR2   0x000fcc       data     extern E:\3.46\pic18-lt\cxx-framework\src\traditional\proc\p18f4620.asm
                    TMR3H   0x000fb3       data     extern E:\3.46\pic18-lt\cxx-framework\src\traditional\proc\p18f4620.asm
                    TMR3L   0x000fb2       data     extern E:\3.46\pic18-lt\cxx-framework\src\traditional\proc\p18f4620.asm
                      TOS   0x000ffd       data     extern E:\3.46\pic18-lt\cxx-framework\src\traditional\proc\p18f4620.asm
                     TOSH   0x000ffe       data     extern E:\3.46\pic18-lt\cxx-framework\src\traditional\proc\p18f4620.asm
                     TOSL   0x000ffd       data     extern E:\3.46\pic18-lt\cxx-framework\src\traditional\proc\p18f4620.asm
                     TOSU   0x000fff       data     extern E:\3.46\pic18-lt\cxx-framework\src\traditional\proc\p18f4620.asm
                    TRISA   0x000f92       data     extern E:\3.46\pic18-lt\cxx-framework\src\traditional\proc\p18f4620.asm
                TRISAbits   0x000f92       data     extern E:\3.46\pic18-lt\cxx-framework\src\traditional\proc\p18f4620.asm
                    TRISB   0x000f93       data     extern E:\3.46\pic18-lt\cxx-framework\src\traditional\proc\p18f4620.asm
                TRISBbits   0x000f93       data     extern E:\3.46\pic18-lt\cxx-framework\src\traditional\proc\p18f4620.asm
                    TRISC   0x000f94       data     extern E:\3.46\pic18-lt\cxx-framework\src\traditional\proc\p18f4620.asm
                TRISCbits   0x000f94       data     extern E:\3.46\pic18-lt\cxx-framework\src\traditional\proc\p18f4620.asm
                    TRISD   0x000f95       data     extern E:\3.46\pic18-lt\cxx-framework\src\traditional\proc\p18f4620.asm
                TRISDbits   0x000f95       data     extern E:\3.46\pic18-lt\cxx-framework\src\traditional\proc\p18f4620.asm
                    TRISE   0x000f96       data     extern E:\3.46\pic18-lt\cxx-framework\src\traditional\proc\p18f4620.asm
                TRISEbits   0x000f96       data     extern E:\3.46\pic18-lt\cxx-framework\src\traditional\proc\p18f4620.asm
                    TXREG   0x000fad       data     extern E:\3.46\pic18-lt\cxx-framework\src\traditional\proc\p18f4620.asm
                    TXSTA   0x000fac       data     extern E:\3.46\pic18-lt\cxx-framework\src\traditional\proc\p18f4620.asm
                TXSTAbits   0x000fac       data     extern E:\3.46\pic18-lt\cxx-framework\src\traditional\proc\p18f4620.asm
               Timer0_MUL   0x000f18       data     extern D:\BT PIC\libraries\libraries\timer\timer.c
               Timer0_cnt   0x000f10       data     extern D:\BT PIC\libraries\libraries\timer\timer.c
              Timer0_flag   0x000f08       data     extern D:\BT PIC\libraries\libraries\timer\timer.c
             Timer0_value   0x000f00       data     extern D:\BT PIC\libraries\libraries\timer\timer.c
               Timer1_MUL   0x000f1a       data     extern D:\BT PIC\libraries\libraries\timer\timer.c
               Timer1_cnt   0x000f12       data     extern D:\BT PIC\libraries\libraries\timer\timer.c
              Timer1_flag   0x000f09       data     extern D:\BT PIC\libraries\libraries\timer\timer.c
             Timer1_value   0x000f02       data     extern D:\BT PIC\libraries\libraries\timer\timer.c
               Timer2_MUL   0x000f1c       data     extern D:\BT PIC\libraries\libraries\timer\timer.c
               Timer2_cnt   0x000f14       data     extern D:\BT PIC\libraries\libraries\timer\timer.c
              Timer2_flag   0x000f0a       data     extern D:\BT PIC\libraries\libraries\timer\timer.c
             Timer2_value   0x000f04       data     extern D:\BT PIC\libraries\libraries\timer\timer.c
               Timer3_MUL   0x000f1e       data     extern D:\BT PIC\libraries\libraries\timer\timer.c
               Timer3_cnt   0x000f16       data     extern D:\BT PIC\libraries\libraries\timer\timer.c
              Timer3_flag   0x000f0b       data     extern D:\BT PIC\libraries\libraries\timer\timer.c
             Timer3_value   0x000f06       data     extern D:\BT PIC\libraries\libraries\timer\timer.c
                        W   0x000fe8       data     extern E:\3.46\pic18-lt\cxx-framework\src\traditional\proc\p18f4620.asm
                   WDTCON   0x000fd1       data     extern E:\3.46\pic18-lt\cxx-framework\src\traditional\proc\p18f4620.asm
               WDTCONbits   0x000fd1       data     extern E:\3.46\pic18-lt\cxx-framework\src\traditional\proc\p18f4620.asm
                     WREG   0x000fe8       data     extern E:\3.46\pic18-lt\cxx-framework\src\traditional\proc\p18f4620.asm
                 __AARGB0   0x000009       data     extern E:\3.46\pic18-lt\cxx-framework\src\traditional\math\aarg.asm
                 __AARGB1   0x000008       data     extern E:\3.46\pic18-lt\cxx-framework\src\traditional\math\aarg.asm
                 __AARGB2   0x000007       data     extern E:\3.46\pic18-lt\cxx-framework\src\traditional\math\aarg.asm
                 __AARGB3   0x000006       data     extern E:\3.46\pic18-lt\cxx-framework\src\traditional\math\aarg.asm
                 __AARGB4   0x000005       data     extern E:\3.46\pic18-lt\cxx-framework\src\traditional\math\aarg.asm
                 __AARGB5   0x000004       data     extern E:\3.46\pic18-lt\cxx-framework\src\traditional\math\aarg.asm
                 __AARGB6   0x000003       data     extern E:\3.46\pic18-lt\cxx-framework\src\traditional\math\aarg.asm
                 __AARGB7   0x000002       data     extern E:\3.46\pic18-lt\cxx-framework\src\traditional\math\aarg.asm
                   __AEXP   0x00000a       data     extern E:\3.46\pic18-lt\cxx-framework\src\traditional\math\aarg.asm
                 __BARGB0   0x00000e       data     extern E:\3.46\pic18-lt\cxx-framework\src\traditional\math\barg.asm
                 __BARGB1   0x00000d       data     extern E:\3.46\pic18-lt\cxx-framework\src\traditional\math\barg.asm
                 __BARGB2   0x00000c       data     extern E:\3.46\pic18-lt\cxx-framework\src\traditional\math\barg.asm
                 __BARGB3   0x00000b       data     extern E:\3.46\pic18-lt\cxx-framework\src\traditional\math\barg.asm
                   __BEXP   0x00000f       data     extern E:\3.46\pic18-lt\cxx-framework\src\traditional\math\barg.asm
                __FPFLAGS   0x000001       data     extern E:\3.46\pic18-lt\cxx-framework\src\traditional\math\cmath18.asm
            __FPFLAGSbits   0x000001       data     extern E:\3.46\pic18-lt\cxx-framework\src\traditional\math\cmath18.asm
                  __REMB0   0x000005       data     extern E:\3.46\pic18-lt\cxx-framework\src\traditional\math\aarg.asm
                  __REMB1   0x000004       data     extern E:\3.46\pic18-lt\cxx-framework\src\traditional\math\aarg.asm
                  __REMB2   0x000003       data     extern E:\3.46\pic18-lt\cxx-framework\src\traditional\math\aarg.asm
                  __REMB3   0x000002       data     extern E:\3.46\pic18-lt\cxx-framework\src\traditional\math\aarg.asm
                  __tmp_0   0x000010       data     static D:\BT PIC\libraries\libraries\lcd\lcd.c
                  __tmp_0   0x000010       data     static D:\BT PIC\libraries\libraries\timer\timer.c
                  __tmp_0   0x000010       data     static D:\BT PIC\libraries\libraries\button\button.c
                  __tmp_0   0x000010       data     static D:\BT PIC\BTL_Traffic_Light.X\main.c
         arrayMapOfOutput   0x0000b0       data     extern D:\BT PIC\BTL_Traffic_Light.X\main.c
              arrayNumber   0x0000c0       data     extern D:\BT PIC\BTL_Traffic_Light.X\main.c
          buttonInputMask   0x0000a8       data     extern D:\BT PIC\libraries\libraries\button\button.c
                    chuc1   0x0000da       data     extern D:\BT PIC\BTL_Traffic_Light.X\main.c
                    chuc2   0x0000dc       data     extern D:\BT PIC\BTL_Traffic_Light.X\main.c
                     cnt0   0x000f2e       data     extern D:\BT PIC\libraries\libraries\interrupt\interrupt.c
                     cnt1   0x000f30       data     extern D:\BT PIC\libraries\libraries\interrupt\interrupt.c
               cntOfLight   0x0000d6       data     extern D:\BT PIC\BTL_Traffic_Light.X\main.c
                curr_byte   0x000f23       data     static E:\3.46\pic18-lt\cxx-framework\src\traditional\startup\c018i.c
               curr_entry   0x000f25       data     static E:\3.46\pic18-lt\cxx-framework\src\traditional\startup\c018i.c
               currentCol   0x000f2c       data     extern D:\BT PIC\libraries\libraries\lcd\lcd.c
               currentRow   0x000f2a       data     extern D:\BT PIC\libraries\libraries\lcd\lcd.c
                 data_ptr   0x000f27       data     static E:\3.46\pic18-lt\cxx-framework\src\traditional\startup\c018i.c
                   donvi1   0x0000db       data     extern D:\BT PIC\BTL_Traffic_Light.X\main.c
                   donvi2   0x0000dd       data     extern D:\BT PIC\BTL_Traffic_Light.X\main.c
            indexOfNumber   0x0000d8       data     extern D:\BT PIC\BTL_Traffic_Light.X\main.c
                  keyCode   0x000080       data     extern D:\BT PIC\libraries\libraries\button\button.c
             keyInputMask   0x0000a4       data     extern D:\BT PIC\libraries\libraries\button\button.c
            keyOutputMask   0x0000a0       data     extern D:\BT PIC\libraries\libraries\button\button.c
              numberValue   0x0000d9       data     extern D:\BT PIC\BTL_Traffic_Light.X\main.c
                     prom   0x000f20       data     static E:\3.46\pic18-lt\cxx-framework\src\traditional\startup\c018i.c
            statusOfLight   0x0000d0       data     extern D:\BT PIC\BTL_Traffic_Light.X\main.c
             statusOutput   0x0000b8       data     extern D:\BT PIC\BTL_Traffic_Light.X\main.c
                     time   0x000f32       data     extern D:\BT PIC\BTL_Traffic_Light.X\main.c
              timeDisplay   0x0000d7       data     extern D:\BT PIC\BTL_Traffic_Light.X\main.c
        timeOfGreenPhase1   0x0000d1       data     extern D:\BT PIC\BTL_Traffic_Light.X\main.c
        timeOfGreenPhase2   0x0000d3       data     extern D:\BT PIC\BTL_Traffic_Light.X\main.c
              timeOfLight   0x0000d5       data     extern D:\BT PIC\BTL_Traffic_Light.X\main.c
       timeOfYellowPhase1   0x0000d2       data     extern D:\BT PIC\BTL_Traffic_Light.X\main.c
       timeOfYellowPhase2   0x0000d4       data     extern D:\BT PIC\BTL_Traffic_Light.X\main.c
                   v_cnt0   0x000f0c       data     extern D:\BT PIC\libraries\libraries\timer\timer.c
                   v_cnt1   0x000f0e       data     extern D:\BT PIC\libraries\libraries\timer\timer.c



                              Symbols - Sorted by Address
                     Name    Address   Location    Storage File                     
                ---------  ---------  ---------  --------- ---------                
                   _entry   0x000000    program     extern E:\3.46\pic18-lt\cxx-framework\src\traditional\startup\c018i.c
       ___return_lbl00000   0x000004    program     static                          
                   __init   0x000006    program     extern E:\3.46\pic18-lt\cxx-framework\src\traditional\stdclib\__init.c
      interruptVectorHigh   0x000008    program     extern D:\BT PIC\libraries\libraries\interrupt\interrupt.c
       ___return_lbl00003   0x00000c    program     static                          
       interruptVectorLow   0x000018    program     extern D:\BT PIC\libraries\libraries\interrupt\interrupt.c
       ___return_lbl00002   0x00001c    program     static                          
                     main   0x00005c    program     extern D:\BT PIC\BTL_Traffic_Light.X\main.c
                 delay_ms   0x0000a4    program     extern D:\BT PIC\BTL_Traffic_Light.X\main.c
              init_output   0x00011c    program     extern D:\BT PIC\BTL_Traffic_Light.X\main.c
              init_system   0x000124    program     extern D:\BT PIC\BTL_Traffic_Light.X\main.c
               OpenOutput   0x00015a    program     extern D:\BT PIC\BTL_Traffic_Light.X\main.c
              CloseOutput   0x000180    program     extern D:\BT PIC\BTL_Traffic_Light.X\main.c
            ReverseOutput   0x0001a6    program     extern D:\BT PIC\BTL_Traffic_Light.X\main.c
               TestOutput   0x0001da    program     extern D:\BT PIC\BTL_Traffic_Light.X\main.c
           Phase1_GreenOn   0x000230    program     extern D:\BT PIC\BTL_Traffic_Light.X\main.c
          Phase1_GreenOff   0x000236    program     extern D:\BT PIC\BTL_Traffic_Light.X\main.c
          Phase1_YellowOn   0x00023c    program     extern D:\BT PIC\BTL_Traffic_Light.X\main.c
         Phase1_YellowOff   0x000242    program     extern D:\BT PIC\BTL_Traffic_Light.X\main.c
             Phase1_RedOn   0x000248    program     extern D:\BT PIC\BTL_Traffic_Light.X\main.c
            Phase1_RedOff   0x00024e    program     extern D:\BT PIC\BTL_Traffic_Light.X\main.c
           Phase2_GreenOn   0x000254    program     extern D:\BT PIC\BTL_Traffic_Light.X\main.c
          Phase2_GreenOff   0x00025a    program     extern D:\BT PIC\BTL_Traffic_Light.X\main.c
          Phase2_YellowOn   0x000260    program     extern D:\BT PIC\BTL_Traffic_Light.X\main.c
         Phase2_YellowOff   0x000266    program     extern D:\BT PIC\BTL_Traffic_Light.X\main.c
             Phase2_RedOn   0x00026c    program     extern D:\BT PIC\BTL_Traffic_Light.X\main.c
            Phase2_RedOff   0x000272    program     extern D:\BT PIC\BTL_Traffic_Light.X\main.c
       Phase1_BlinkYellow   0x000278    program     extern D:\BT PIC\BTL_Traffic_Light.X\main.c
       Phase2_BlinkYellow   0x000284    program     extern D:\BT PIC\BTL_Traffic_Light.X\main.c
                  SetTime   0x000288    program     extern D:\BT PIC\BTL_Traffic_Light.X\main.c
           isButtonNumber   0x00028a    program     extern D:\BT PIC\BTL_Traffic_Light.X\main.c
                   Decode   0x0002d4    program     extern D:\BT PIC\BTL_Traffic_Light.X\main.c
       PrintSevenSegment1   0x00032e    program     extern D:\BT PIC\BTL_Traffic_Light.X\main.c
               DisplayLed   0x000402    program     extern D:\BT PIC\BTL_Traffic_Light.X\main.c
          AppTrafficLight   0x000448    program     extern D:\BT PIC\BTL_Traffic_Light.X\main.c
                   __pa_0   0x000b5e    program     static D:\BT PIC\BTL_Traffic_Light.X\main.c
                   __pa_1   0x000b66    program     static D:\BT PIC\BTL_Traffic_Light.X\main.c
                   __pa_2   0x000b70    program     static D:\BT PIC\BTL_Traffic_Light.X\main.c
                   __pa_3   0x000b86    program     static D:\BT PIC\BTL_Traffic_Light.X\main.c
                   __pa_4   0x000b8e    program     static D:\BT PIC\BTL_Traffic_Light.X\main.c
                   __pa_5   0x000b9c    program     static D:\BT PIC\BTL_Traffic_Light.X\main.c
                   __pa_6   0x000ba4    program     static D:\BT PIC\BTL_Traffic_Light.X\main.c
                   __pa_7   0x000bb0    program     static D:\BT PIC\BTL_Traffic_Light.X\main.c
                   __pa_8   0x000bc6    program     static D:\BT PIC\BTL_Traffic_Light.X\main.c
                   __pa_9   0x000bdc    program     static D:\BT PIC\BTL_Traffic_Light.X\main.c
                  __pa_10   0x000be6    program     static D:\BT PIC\BTL_Traffic_Light.X\main.c
                  __pa_11   0x000bf0    program     static D:\BT PIC\BTL_Traffic_Light.X\main.c
                  __pa_12   0x000bfc    program     static D:\BT PIC\BTL_Traffic_Light.X\main.c
                  __pa_13   0x000c06    program     static D:\BT PIC\BTL_Traffic_Light.X\main.c
                  __pa_14   0x000c10    program     static D:\BT PIC\BTL_Traffic_Light.X\main.c
              __tmplbl_38   0x000c1c    program     static                          
              __tmplbl_37   0x000c1c    program     static                          
              __tmplbl_35   0x000c1c    program     static                          
                  __pa_15   0x000c1c    program     static D:\BT PIC\BTL_Traffic_Light.X\main.c
              __tmplbl_29   0x000c1c    program     static                          
              __tmplbl_30   0x000c1c    program     static                          
              __tmplbl_31   0x000c1c    program     static                          
              __tmplbl_32   0x000c1c    program     static                          
              __tmplbl_33   0x000c1c    program     static                          
              __tmplbl_34   0x000c1c    program     static                          
                  __pa_16   0x000c24    program     static D:\BT PIC\BTL_Traffic_Light.X\main.c
                  __pa_17   0x000c2c    program     static D:\BT PIC\BTL_Traffic_Light.X\main.c
                  __pa_18   0x000c30    program     static D:\BT PIC\BTL_Traffic_Light.X\main.c
                  __pa_19   0x000c38    program     static D:\BT PIC\BTL_Traffic_Light.X\main.c
                  __pa_20   0x000c40    program     static D:\BT PIC\BTL_Traffic_Light.X\main.c
                  __pa_21   0x000c48    program     static D:\BT PIC\BTL_Traffic_Light.X\main.c
                  __pa_22   0x000c50    program     static D:\BT PIC\BTL_Traffic_Light.X\main.c
                  __pa_23   0x000c64    program     static D:\BT PIC\BTL_Traffic_Light.X\main.c
                  __pa_24   0x000c72    program     static D:\BT PIC\BTL_Traffic_Light.X\main.c
                  __pa_25   0x000c80    program     static D:\BT PIC\BTL_Traffic_Light.X\main.c
                  __pa_26   0x000c8e    program     static D:\BT PIC\BTL_Traffic_Light.X\main.c
                  __pa_27   0x000c96    program     static D:\BT PIC\BTL_Traffic_Light.X\main.c
                  __pa_28   0x000c9e    program     static D:\BT PIC\BTL_Traffic_Light.X\main.c
                  __pa_29   0x000caa    program     static D:\BT PIC\BTL_Traffic_Light.X\main.c
                  __pa_30   0x000cb6    program     static D:\BT PIC\BTL_Traffic_Light.X\main.c
                  __pa_31   0x000ccc    program     static D:\BT PIC\BTL_Traffic_Light.X\main.c
                  __pa_32   0x000cda    program     static D:\BT PIC\BTL_Traffic_Light.X\main.c
                  __pa_33   0x000cee    program     static D:\BT PIC\BTL_Traffic_Light.X\main.c
                  __pa_34   0x000cf8    program     static D:\BT PIC\BTL_Traffic_Light.X\main.c
                  __pa_35   0x000d06    program     static D:\BT PIC\BTL_Traffic_Light.X\main.c
                  __pa_36   0x000d12    program     static D:\BT PIC\BTL_Traffic_Light.X\main.c
                  __pa_37   0x000d2a    program     static D:\BT PIC\BTL_Traffic_Light.X\main.c
                  __pa_38   0x000d30    program     static D:\BT PIC\BTL_Traffic_Light.X\main.c
                  __pa_39   0x000d44    program     static D:\BT PIC\BTL_Traffic_Light.X\main.c
                  __pa_40   0x000d52    program     static D:\BT PIC\BTL_Traffic_Light.X\main.c
                  __pa_41   0x000d60    program     static D:\BT PIC\BTL_Traffic_Light.X\main.c
                  __pa_42   0x000d68    program     static D:\BT PIC\BTL_Traffic_Light.X\main.c
                  __pa_43   0x000d70    program     static D:\BT PIC\BTL_Traffic_Light.X\main.c
                  __pa_44   0x000d7e    program     static D:\BT PIC\BTL_Traffic_Light.X\main.c
                  __pa_45   0x000d86    program     static D:\BT PIC\BTL_Traffic_Light.X\main.c
                  __pa_46   0x000d8e    program     static D:\BT PIC\BTL_Traffic_Light.X\main.c
                  __pa_47   0x000d94    program     static D:\BT PIC\BTL_Traffic_Light.X\main.c
                  __pa_48   0x000da2    program     static D:\BT PIC\BTL_Traffic_Light.X\main.c
                  __pa_49   0x000da6    program     static D:\BT PIC\BTL_Traffic_Light.X\main.c
                  __pa_50   0x000db0    program     static D:\BT PIC\BTL_Traffic_Light.X\main.c
                  __pa_51   0x000dbc    program     static D:\BT PIC\BTL_Traffic_Light.X\main.c
                  __pa_52   0x000dc8    program     static D:\BT PIC\BTL_Traffic_Light.X\main.c
                  __pa_53   0x000dd4    program     static D:\BT PIC\BTL_Traffic_Light.X\main.c
                  __pa_54   0x000ddc    program     static D:\BT PIC\BTL_Traffic_Light.X\main.c
                  __pa_55   0x000dea    program     static D:\BT PIC\BTL_Traffic_Light.X\main.c
                  __pa_56   0x000df4    program     static D:\BT PIC\BTL_Traffic_Light.X\main.c
                  __pa_57   0x000dfa    program     static D:\BT PIC\BTL_Traffic_Light.X\main.c
                  __pa_58   0x000e06    program     static D:\BT PIC\BTL_Traffic_Light.X\main.c
                  __pa_59   0x000e18    program     static D:\BT PIC\BTL_Traffic_Light.X\main.c
                  __pa_60   0x000e26    program     static D:\BT PIC\BTL_Traffic_Light.X\main.c
                  __pa_61   0x000e2c    program     static D:\BT PIC\BTL_Traffic_Light.X\main.c
                  __pa_62   0x000e3a    program     static D:\BT PIC\BTL_Traffic_Light.X\main.c
                LCD_delay   0x000e42    program     extern D:\BT PIC\libraries\libraries\lcd\lcd.c
                 v_timer0   0x000e96    program     extern D:\BT PIC\libraries\libraries\lcd\lcd.c
              LCD_sendCmd   0x000efe    program     extern D:\BT PIC\libraries\libraries\lcd\lcd.c
                 LCD_init   0x000f10    program     extern D:\BT PIC\libraries\libraries\lcd\lcd.c
           LCD_write4Bits   0x000f46    program     extern D:\BT PIC\libraries\libraries\lcd\lcd.c
             LCD_writeCmd   0x000f54    program     extern D:\BT PIC\libraries\libraries\lcd\lcd.c
            LCD_writeData   0x000f5c    program     extern D:\BT PIC\libraries\libraries\lcd\lcd.c
            LCD_printChar   0x000f66    program     extern D:\BT PIC\libraries\libraries\lcd\lcd.c
              LCD_powerOf   0x000f74    program     extern D:\BT PIC\libraries\libraries\lcd\lcd.c
            LCD_setCursor   0x00101e    program     extern D:\BT PIC\libraries\libraries\lcd\lcd.c
                LCD_clear   0x001048    program     extern D:\BT PIC\libraries\libraries\lcd\lcd.c
             LCD_printNum   0x001054    program     extern D:\BT PIC\libraries\libraries\lcd\lcd.c
             LCD_printStr   0x0010e6    program     extern D:\BT PIC\libraries\libraries\lcd\lcd.c
        LCD_writeCharSync   0x001106    program     extern D:\BT PIC\libraries\libraries\lcd\lcd.c
            LCD_clearSync   0x00112c    program     extern D:\BT PIC\libraries\libraries\lcd\lcd.c
        LCD_printCharSync   0x00117c    program     extern D:\BT PIC\libraries\libraries\lcd\lcd.c
         LCD_printNumSync   0x00119e    program     extern D:\BT PIC\libraries\libraries\lcd\lcd.c
         LCD_printStrSync   0x001232    program     extern D:\BT PIC\libraries\libraries\lcd\lcd.c
              LCD_display   0x00124a    program     extern D:\BT PIC\libraries\libraries\lcd\lcd.c
             LCD_display2   0x00126a    program     extern D:\BT PIC\libraries\libraries\lcd\lcd.c
                   __pa_0   0x0012a6    program     static D:\BT PIC\libraries\libraries\lcd\lcd.c
                   __pa_1   0x0012b4    program     static D:\BT PIC\libraries\libraries\lcd\lcd.c
                   __pa_2   0x0012d2    program     static D:\BT PIC\libraries\libraries\lcd\lcd.c
                   __pa_3   0x0012e0    program     static D:\BT PIC\libraries\libraries\lcd\lcd.c
                   __pa_4   0x0012ea    program     static D:\BT PIC\libraries\libraries\lcd\lcd.c
                   __pa_5   0x0012f2    program     static D:\BT PIC\libraries\libraries\lcd\lcd.c
                   __pa_6   0x001300    program     static D:\BT PIC\libraries\libraries\lcd\lcd.c
                   __pa_7   0x001318    program     static D:\BT PIC\libraries\libraries\lcd\lcd.c
                   __pa_8   0x001332    program     static D:\BT PIC\libraries\libraries\lcd\lcd.c
                   __pa_9   0x00134e    program     static D:\BT PIC\libraries\libraries\lcd\lcd.c
                  __pa_10   0x001358    program     static D:\BT PIC\libraries\libraries\lcd\lcd.c
                  __pa_11   0x001370    program     static D:\BT PIC\libraries\libraries\lcd\lcd.c
                  __pa_12   0x001382    program     static D:\BT PIC\libraries\libraries\lcd\lcd.c
                  __pa_13   0x00138a    program     static D:\BT PIC\libraries\libraries\lcd\lcd.c
                  __pa_14   0x0013a2    program     static D:\BT PIC\libraries\libraries\lcd\lcd.c
[...]
                TRISBbits   0x000f93       data     extern E:\3.46\pic18-lt\cxx-framework\src\traditional\proc\p18f4620.asm
                     DDRB   0x000f93       data     extern E:\3.46\pic18-lt\cxx-framework\src\traditional\proc\p18f4620.asm
                 DDRBbits   0x000f93       data     extern E:\3.46\pic18-lt\cxx-framework\src\traditional\proc\p18f4620.asm
                    TRISC   0x000f94       data     extern E:\3.46\pic18-lt\cxx-framework\src\traditional\proc\p18f4620.asm
                TRISCbits   0x000f94       data     extern E:\3.46\pic18-lt\cxx-framework\src\traditional\proc\p18f4620.asm
                     DDRC   0x000f94       data     extern E:\3.46\pic18-lt\cxx-framework\src\traditional\proc\p18f4620.asm
                 DDRCbits   0x000f94       data     extern E:\3.46\pic18-lt\cxx-framework\src\traditional\proc\p18f4620.asm
                    TRISD   0x000f95       data     extern E:\3.46\pic18-lt\cxx-framework\src\traditional\proc\p18f4620.asm
                TRISDbits   0x000f95       data     extern E:\3.46\pic18-lt\cxx-framework\src\traditional\proc\p18f4620.asm
                 DDRDbits   0x000f95       data     extern E:\3.46\pic18-lt\cxx-framework\src\traditional\proc\p18f4620.asm
                     DDRD   0x000f95       data     extern E:\3.46\pic18-lt\cxx-framework\src\traditional\proc\p18f4620.asm
                     DDRE   0x000f96       data     extern E:\3.46\pic18-lt\cxx-framework\src\traditional\proc\p18f4620.asm
                 DDREbits   0x000f96       data     extern E:\3.46\pic18-lt\cxx-framework\src\traditional\proc\p18f4620.asm
                TRISEbits   0x000f96       data     extern E:\3.46\pic18-lt\cxx-framework\src\traditional\proc\p18f4620.asm
                    TRISE   0x000f96       data     extern E:\3.46\pic18-lt\cxx-framework\src\traditional\proc\p18f4620.asm
              OSCTUNEbits   0x000f9b       data     extern E:\3.46\pic18-lt\cxx-framework\src\traditional\proc\p18f4620.asm
                  OSCTUNE   0x000f9b       data     extern E:\3.46\pic18-lt\cxx-framework\src\traditional\proc\p18f4620.asm
                 PIE1bits   0x000f9d       data     extern E:\3.46\pic18-lt\cxx-framework\src\traditional\proc\p18f4620.asm
                     PIE1   0x000f9d       data     extern E:\3.46\pic18-lt\cxx-framework\src\traditional\proc\p18f4620.asm
                 PIR1bits   0x000f9e       data     extern E:\3.46\pic18-lt\cxx-framework\src\traditional\proc\p18f4620.asm
                     PIR1   0x000f9e       data     extern E:\3.46\pic18-lt\cxx-framework\src\traditional\proc\p18f4620.asm
                 IPR1bits   0x000f9f       data     extern E:\3.46\pic18-lt\cxx-framework\src\traditional\proc\p18f4620.asm
                     IPR1   0x000f9f       data     extern E:\3.46\pic18-lt\cxx-framework\src\traditional\proc\p18f4620.asm
                 PIE2bits   0x000fa0       data     extern E:\3.46\pic18-lt\cxx-framework\src\traditional\proc\p18f4620.asm
                     PIE2   0x000fa0       data     extern E:\3.46\pic18-lt\cxx-framework\src\traditional\proc\p18f4620.asm
                 PIR2bits   0x000fa1       data     extern E:\3.46\pic18-lt\cxx-framework\src\traditional\proc\p18f4620.asm
                     PIR2   0x000fa1       data     extern E:\3.46\pic18-lt\cxx-framework\src\traditional\proc\p18f4620.asm
                     IPR2   0x000fa2       data     extern E:\3.46\pic18-lt\cxx-framework\src\traditional\proc\p18f4620.asm
                 IPR2bits   0x000fa2       data     extern E:\3.46\pic18-lt\cxx-framework\src\traditional\proc\p18f4620.asm
               EECON1bits   0x000fa6       data     extern E:\3.46\pic18-lt\cxx-framework\src\traditional\proc\p18f4620.asm
                   EECON1   0x000fa6       data     extern E:\3.46\pic18-lt\cxx-framework\src\traditional\proc\p18f4620.asm
                   EECON2   0x000fa7       data     extern E:\3.46\pic18-lt\cxx-framework\src\traditional\proc\p18f4620.asm
                   EEDATA   0x000fa8       data     extern E:\3.46\pic18-lt\cxx-framework\src\traditional\proc\p18f4620.asm
                    EEADR   0x000fa9       data     extern E:\3.46\pic18-lt\cxx-framework\src\traditional\proc\p18f4620.asm
                   EEADRH   0x000faa       data     extern E:\3.46\pic18-lt\cxx-framework\src\traditional\proc\p18f4620.asm
                    RCSTA   0x000fab       data     extern E:\3.46\pic18-lt\cxx-framework\src\traditional\proc\p18f4620.asm
                RCSTAbits   0x000fab       data     extern E:\3.46\pic18-lt\cxx-framework\src\traditional\proc\p18f4620.asm
                    TXSTA   0x000fac       data     extern E:\3.46\pic18-lt\cxx-framework\src\traditional\proc\p18f4620.asm
                TXSTAbits   0x000fac       data     extern E:\3.46\pic18-lt\cxx-framework\src\traditional\proc\p18f4620.asm
                    TXREG   0x000fad       data     extern E:\3.46\pic18-lt\cxx-framework\src\traditional\proc\p18f4620.asm
                    RCREG   0x000fae       data     extern E:\3.46\pic18-lt\cxx-framework\src\traditional\proc\p18f4620.asm
                    SPBRG   0x000faf       data     extern E:\3.46\pic18-lt\cxx-framework\src\traditional\proc\p18f4620.asm
                   SPBRGH   0x000fb0       data     extern E:\3.46\pic18-lt\cxx-framework\src\traditional\proc\p18f4620.asm
                T3CONbits   0x000fb1       data     extern E:\3.46\pic18-lt\cxx-framework\src\traditional\proc\p18f4620.asm
                    T3CON   0x000fb1       data     extern E:\3.46\pic18-lt\cxx-framework\src\traditional\proc\p18f4620.asm
                    TMR3L   0x000fb2       data     extern E:\3.46\pic18-lt\cxx-framework\src\traditional\proc\p18f4620.asm
                    TMR3H   0x000fb3       data     extern E:\3.46\pic18-lt\cxx-framework\src\traditional\proc\p18f4620.asm
                    CMCON   0x000fb4       data     extern E:\3.46\pic18-lt\cxx-framework\src\traditional\proc\p18f4620.asm
                CMCONbits   0x000fb4       data     extern E:\3.46\pic18-lt\cxx-framework\src\traditional\proc\p18f4620.asm
               CVRCONbits   0x000fb5       data     extern E:\3.46\pic18-lt\cxx-framework\src\traditional\proc\p18f4620.asm
                   CVRCON   0x000fb5       data     extern E:\3.46\pic18-lt\cxx-framework\src\traditional\proc\p18f4620.asm
              ECCP1ASbits   0x000fb6       data     extern E:\3.46\pic18-lt\cxx-framework\src\traditional\proc\p18f4620.asm
                  ECCP1AS   0x000fb6       data     extern E:\3.46\pic18-lt\cxx-framework\src\traditional\proc\p18f4620.asm
              PWM1CONbits   0x000fb7       data     extern E:\3.46\pic18-lt\cxx-framework\src\traditional\proc\p18f4620.asm
                  PWM1CON   0x000fb7       data     extern E:\3.46\pic18-lt\cxx-framework\src\traditional\proc\p18f4620.asm
              BAUDCTLbits   0x000fb8       data     extern E:\3.46\pic18-lt\cxx-framework\src\traditional\proc\p18f4620.asm
                  BAUDCTL   0x000fb8       data     extern E:\3.46\pic18-lt\cxx-framework\src\traditional\proc\p18f4620.asm
              BAUDCONbits   0x000fb8       data     extern E:\3.46\pic18-lt\cxx-framework\src\traditional\proc\p18f4620.asm
                  BAUDCON   0x000fb8       data     extern E:\3.46\pic18-lt\cxx-framework\src\traditional\proc\p18f4620.asm
                  CCP2CON   0x000fba       data     extern E:\3.46\pic18-lt\cxx-framework\src\traditional\proc\p18f4620.asm
              CCP2CONbits   0x000fba       data     extern E:\3.46\pic18-lt\cxx-framework\src\traditional\proc\p18f4620.asm
                    CCPR2   0x000fbb       data     extern E:\3.46\pic18-lt\cxx-framework\src\traditional\proc\p18f4620.asm
                   CCPR2L   0x000fbb       data     extern E:\3.46\pic18-lt\cxx-framework\src\traditional\proc\p18f4620.asm
                   CCPR2H   0x000fbc       data     extern E:\3.46\pic18-lt\cxx-framework\src\traditional\proc\p18f4620.asm
                  CCP1CON   0x000fbd       data     extern E:\3.46\pic18-lt\cxx-framework\src\traditional\proc\p18f4620.asm
              CCP1CONbits   0x000fbd       data     extern E:\3.46\pic18-lt\cxx-framework\src\traditional\proc\p18f4620.asm
                   CCPR1L   0x000fbe       data     extern E:\3.46\pic18-lt\cxx-framework\src\traditional\proc\p18f4620.asm
                    CCPR1   0x000fbe       data     extern E:\3.46\pic18-lt\cxx-framework\src\traditional\proc\p18f4620.asm
                   CCPR1H   0x000fbf       data     extern E:\3.46\pic18-lt\cxx-framework\src\traditional\proc\p18f4620.asm
               ADCON2bits   0x000fc0       data     extern E:\3.46\pic18-lt\cxx-framework\src\traditional\proc\p18f4620.asm
                   ADCON2   0x000fc0       data     extern E:\3.46\pic18-lt\cxx-framework\src\traditional\proc\p18f4620.asm
               ADCON1bits   0x000fc1       data     extern E:\3.46\pic18-lt\cxx-framework\src\traditional\proc\p18f4620.asm
                   ADCON1   0x000fc1       data     extern E:\3.46\pic18-lt\cxx-framework\src\traditional\proc\p18f4620.asm
               ADCON0bits   0x000fc2       data     extern E:\3.46\pic18-lt\cxx-framework\src\traditional\proc\p18f4620.asm
                   ADCON0   0x000fc2       data     extern E:\3.46\pic18-lt\cxx-framework\src\traditional\proc\p18f4620.asm
                   ADRESL   0x000fc3       data     extern E:\3.46\pic18-lt\cxx-framework\src\traditional\proc\p18f4620.asm
                    ADRES   0x000fc3       data     extern E:\3.46\pic18-lt\cxx-framework\src\traditional\proc\p18f4620.asm
                   ADRESH   0x000fc4       data     extern E:\3.46\pic18-lt\cxx-framework\src\traditional\proc\p18f4620.asm
                  SSPCON2   0x000fc5       data     extern E:\3.46\pic18-lt\cxx-framework\src\traditional\proc\p18f4620.asm
              SSPCON2bits   0x000fc5       data     extern E:\3.46\pic18-lt\cxx-framework\src\traditional\proc\p18f4620.asm
                  SSPCON1   0x000fc6       data     extern E:\3.46\pic18-lt\cxx-framework\src\traditional\proc\p18f4620.asm
              SSPCON1bits   0x000fc6       data     extern E:\3.46\pic18-lt\cxx-framework\src\traditional\proc\p18f4620.asm
                  SSPSTAT   0x000fc7       data     extern E:\3.46\pic18-lt\cxx-framework\src\traditional\proc\p18f4620.asm
              SSPSTATbits   0x000fc7       data     extern E:\3.46\pic18-lt\cxx-framework\src\traditional\proc\p18f4620.asm
                   SSPADD   0x000fc8       data     extern E:\3.46\pic18-lt\cxx-framework\src\traditional\proc\p18f4620.asm
                   SSPBUF   0x000fc9       data     extern E:\3.46\pic18-lt\cxx-framework\src\traditional\proc\p18f4620.asm
                T2CONbits   0x000fca       data     extern E:\3.46\pic18-lt\cxx-framework\src\traditional\proc\p18f4620.asm
                    T2CON   0x000fca       data     extern E:\3.46\pic18-lt\cxx-framework\src\traditional\proc\p18f4620.asm
                      PR2   0x000fcb       data     extern E:\3.46\pic18-lt\cxx-framework\src\traditional\proc\p18f4620.asm
                     TMR2   0x000fcc       data     extern E:\3.46\pic18-lt\cxx-framework\src\traditional\proc\p18f4620.asm
                    T1CON   0x000fcd       data     extern E:\3.46\pic18-lt\cxx-framework\src\traditional\proc\p18f4620.asm
                T1CONbits   0x000fcd       data     extern E:\3.46\pic18-lt\cxx-framework\src\traditional\proc\p18f4620.asm
                    TMR1L   0x000fce       data     extern E:\3.46\pic18-lt\cxx-framework\src\traditional\proc\p18f4620.asm
                    TMR1H   0x000fcf       data     extern E:\3.46\pic18-lt\cxx-framework\src\traditional\proc\p18f4620.asm
                     RCON   0x000fd0       data     extern E:\3.46\pic18-lt\cxx-framework\src\traditional\proc\p18f4620.asm
                 RCONbits   0x000fd0       data     extern E:\3.46\pic18-lt\cxx-framework\src\traditional\proc\p18f4620.asm
               WDTCONbits   0x000fd1       data     extern E:\3.46\pic18-lt\cxx-framework\src\traditional\proc\p18f4620.asm
                   WDTCON   0x000fd1       data     extern E:\3.46\pic18-lt\cxx-framework\src\traditional\proc\p18f4620.asm
                   LVDCON   0x000fd2       data     extern E:\3.46\pic18-lt\cxx-framework\src\traditional\proc\p18f4620.asm
               LVDCONbits   0x000fd2       data     extern E:\3.46\pic18-lt\cxx-framework\src\traditional\proc\p18f4620.asm
                  HLVDCON   0x000fd2       data     extern E:\3.46\pic18-lt\cxx-framework\src\traditional\proc\p18f4620.asm
              HLVDCONbits   0x000fd2       data     extern E:\3.46\pic18-lt\cxx-framework\src\traditional\proc\p18f4620.asm
               OSCCONbits   0x000fd3       data     extern E:\3.46\pic18-lt\cxx-framework\src\traditional\proc\p18f4620.asm
                   OSCCON   0x000fd3       data     extern E:\3.46\pic18-lt\cxx-framework\src\traditional\proc\p18f4620.asm
                T0CONbits   0x000fd5       data     extern E:\3.46\pic18-lt\cxx-framework\src\traditional\proc\p18f4620.asm
                    T0CON   0x000fd5       data     extern E:\3.46\pic18-lt\cxx-framework\src\traditional\proc\p18f4620.asm
                    TMR0L   0x000fd6       data     extern E:\3.46\pic18-lt\cxx-framework\src\traditional\proc\p18f4620.asm
                    TMR0H   0x000fd7       data     extern E:\3.46\pic18-lt\cxx-framework\src\traditional\proc\p18f4620.asm
               STATUSbits   0x000fd8       data     extern E:\3.46\pic18-lt\cxx-framework\src\traditional\proc\p18f4620.asm
                   STATUS   0x000fd8       data     extern E:\3.46\pic18-lt\cxx-framework\src\traditional\proc\p18f4620.asm
                     FSR2   0x000fd9       data     extern E:\3.46\pic18-lt\cxx-framework\src\traditional\proc\p18f4620.asm
                    FSR2L   0x000fd9       data     extern E:\3.46\pic18-lt\cxx-framework\src\traditional\proc\p18f4620.asm
                    FSR2H   0x000fda       data     extern E:\3.46\pic18-lt\cxx-framework\src\traditional\proc\p18f4620.asm
                   PLUSW2   0x000fdb       data     extern E:\3.46\pic18-lt\cxx-framework\src\traditional\proc\p18f4620.asm
                  PREINC2   0x000fdc       data     extern E:\3.46\pic18-lt\cxx-framework\src\traditional\proc\p18f4620.asm
                 POSTDEC2   0x000fdd       data     extern E:\3.46\pic18-lt\cxx-framework\src\traditional\proc\p18f4620.asm
                 POSTINC2   0x000fde       data     extern E:\3.46\pic18-lt\cxx-framework\src\traditional\proc\p18f4620.asm
                    INDF2   0x000fdf       data     extern E:\3.46\pic18-lt\cxx-framework\src\traditional\proc\p18f4620.asm
                      BSR   0x000fe0       data     extern E:\3.46\pic18-lt\cxx-framework\src\traditional\proc\p18f4620.asm
                    FSR1L   0x000fe1       data     extern E:\3.46\pic18-lt\cxx-framework\src\traditional\proc\p18f4620.asm
                     FSR1   0x000fe1       data     extern E:\3.46\pic18-lt\cxx-framework\src\traditional\proc\p18f4620.asm
                    FSR1H   0x000fe2       data     extern E:\3.46\pic18-lt\cxx-framework\src\traditional\proc\p18f4620.asm
                   PLUSW1   0x000fe3       data     extern E:\3.46\pic18-lt\cxx-framework\src\traditional\proc\p18f4620.asm
                  PREINC1   0x000fe4       data     extern E:\3.46\pic18-lt\cxx-framework\src\traditional\proc\p18f4620.asm
                 POSTDEC1   0x000fe5       data     extern E:\3.46\pic18-lt\cxx-framework\src\traditional\proc\p18f4620.asm
                 POSTINC1   0x000fe6       data     extern E:\3.46\pic18-lt\cxx-framework\src\traditional\proc\p18f4620.asm
                    INDF1   0x000fe7       data     extern E:\3.46\pic18-lt\cxx-framework\src\traditional\proc\p18f4620.asm
                        W   0x000fe8       data     extern E:\3.46\pic18-lt\cxx-framework\src\traditional\proc\p18f4620.asm
                     WREG   0x000fe8       data     extern E:\3.46\pic18-lt\cxx-framework\src\traditional\proc\p18f4620.asm
                    FSR0L   0x000fe9       data     extern E:\3.46\pic18-lt\cxx-framework\src\traditional\proc\p18f4620.asm
                     FSR0   0x000fe9       data     extern E:\3.46\pic18-lt\cxx-framework\src\traditional\proc\p18f4620.asm
                    FSR0H   0x000fea       data     extern E:\3.46\pic18-lt\cxx-framework\src\traditional\proc\p18f4620.asm
                   PLUSW0   0x000feb       data     extern E:\3.46\pic18-lt\cxx-framework\src\traditional\proc\p18f4620.asm
                  PREINC0   0x000fec       data     extern E:\3.46\pic18-lt\cxx-framework\src\traditional\proc\p18f4620.asm
                 POSTDEC0   0x000fed       data     extern E:\3.46\pic18-lt\cxx-framework\src\traditional\proc\p18f4620.asm
                 POSTINC0   0x000fee       data     extern E:\3.46\pic18-lt\cxx-framework\src\traditional\proc\p18f4620.asm
                    INDF0   0x000fef       data     extern E:\3.46\pic18-lt\cxx-framework\src\traditional\proc\p18f4620.asm
              INTCON3bits   0x000ff0       data     extern E:\3.46\pic18-lt\cxx-framework\src\traditional\proc\p18f4620.asm
                  INTCON3   0x000ff0       data     extern E:\3.46\pic18-lt\cxx-framework\src\traditional\proc\p18f4620.asm
              INTCON2bits   0x000ff1       data     extern E:\3.46\pic18-lt\cxx-framework\src\traditional\proc\p18f4620.asm
                  INTCON2   0x000ff1       data     extern E:\3.46\pic18-lt\cxx-framework\src\traditional\proc\p18f4620.asm
                   INTCON   0x000ff2       data     extern E:\3.46\pic18-lt\cxx-framework\src\traditional\proc\p18f4620.asm
               INTCONbits   0x000ff2       data     extern E:\3.46\pic18-lt\cxx-framework\src\traditional\proc\p18f4620.asm
                     PROD   0x000ff3       data     extern E:\3.46\pic18-lt\cxx-framework\src\traditional\proc\p18f4620.asm
                    PRODL   0x000ff3       data     extern E:\3.46\pic18-lt\cxx-framework\src\traditional\proc\p18f4620.asm
                    PRODH   0x000ff4       data     extern E:\3.46\pic18-lt\cxx-framework\src\traditional\proc\p18f4620.asm
                   TABLAT   0x000ff5       data     extern E:\3.46\pic18-lt\cxx-framework\src\traditional\proc\p18f4620.asm
                  TBLPTRL   0x000ff6       data     extern E:\3.46\pic18-lt\cxx-framework\src\traditional\proc\p18f4620.asm
                   TBLPTR   0x000ff6       data     extern E:\3.46\pic18-lt\cxx-framework\src\traditional\proc\p18f4620.asm
                  TBLPTRH   0x000ff7       data     extern E:\3.46\pic18-lt\cxx-framework\src\traditional\proc\p18f4620.asm
                  TBLPTRU   0x000ff8       data     extern E:\3.46\pic18-lt\cxx-framework\src\traditional\proc\p18f4620.asm
                       PC   0x000ff9       data     extern E:\3.46\pic18-lt\cxx-framework\src\traditional\proc\p18f4620.asm
                      PCL   0x000ff9       data     extern E:\3.46\pic18-lt\cxx-framework\src\traditional\proc\p18f4620.asm
                   PCLATH   0x000ffa       data     extern E:\3.46\pic18-lt\cxx-framework\src\traditional\proc\p18f4620.asm
                   PCLATU   0x000ffb       data     extern E:\3.46\pic18-lt\cxx-framework\src\traditional\proc\p18f4620.asm
               STKPTRbits   0x000ffc       data     extern E:\3.46\pic18-lt\cxx-framework\src\traditional\proc\p18f4620.asm
                   STKPTR   0x000ffc       data     extern E:\3.46\pic18-lt\cxx-framework\src\traditional\proc\p18f4620.asm
                     TOSL   0x000ffd       data     extern E:\3.46\pic18-lt\cxx-framework\src\traditional\proc\p18f4620.asm
                      TOS   0x000ffd       data     extern E:\3.46\pic18-lt\cxx-framework\src\traditional\proc\p18f4620.asm
                     TOSH   0x000ffe       data     extern E:\3.46\pic18-lt\cxx-framework\src\traditional\proc\p18f4620.asm
                     TOSU   0x000fff       data     extern E:\3.46\pic18-lt\cxx-framework\src\traditional\proc\p18f4620.asm


